Component: ARM Compiler 5.06 update 7 (build 960) Tool: armlink [4d3601]

==============================================================================

Section Cross References

    gd32f30x_it.o(i.SysTick_Handler) refers to systick.o(i.delay_decrement) for delay_decrement
    gd32f30x_it.o(i.SysTick_Handler) refers to work.o(.bss) for task_queue
    main.o(i.main) refers to work.o(i.hw_init) for hw_init
    main.o(i.main) refers to work.o(i.init_task_queue) for init_task_queue
    main.o(i.main) refers to work.o(i.task_init) for task_init
    main.o(i.main) refers to work.o(i.execute_state_machine) for execute_state_machine
    main.o(i.main) refers to work.o(i.scheduler) for scheduler
    main.o(i.main) refers to timer.o(.bss) for Timer
    systick.o(i.delay_1ms) refers to systick.o(.data) for delay
    systick.o(i.delay_decrement) refers to systick.o(.data) for delay
    systick.o(i.systick_config) refers to systick.o(i.NVIC_SetPriority) for NVIC_SetPriority
    systick.o(i.systick_config) refers to system_gd32f30x.o(.data) for SystemCoreClock
    system_gd32f30x.o(i.SystemCoreClockUpdate) refers to system_gd32f30x.o(.data) for SystemCoreClock
    system_gd32f30x.o(i.SystemInit) refers to system_gd32f30x.o(i.system_clock_config) for system_clock_config
    system_gd32f30x.o(i.system_clock_config) refers to system_gd32f30x.o(i.system_clock_120m_hxtal) for system_clock_120m_hxtal
    gd32f30x_adc.o(i.adc_deinit) refers to gd32f30x_rcu.o(i.rcu_periph_reset_enable) for rcu_periph_reset_enable
    gd32f30x_adc.o(i.adc_deinit) refers to gd32f30x_rcu.o(i.rcu_periph_reset_disable) for rcu_periph_reset_disable
    gd32f30x_bkp.o(i.bkp_deinit) refers to gd32f30x_rcu.o(i.rcu_bkp_reset_enable) for rcu_bkp_reset_enable
    gd32f30x_bkp.o(i.bkp_deinit) refers to gd32f30x_rcu.o(i.rcu_bkp_reset_disable) for rcu_bkp_reset_disable
    gd32f30x_can.o(i.can_debug_freeze_disable) refers to gd32f30x_dbg.o(i.dbg_periph_disable) for dbg_periph_disable
    gd32f30x_can.o(i.can_debug_freeze_enable) refers to gd32f30x_dbg.o(i.dbg_periph_enable) for dbg_periph_enable
    gd32f30x_can.o(i.can_deinit) refers to gd32f30x_rcu.o(i.rcu_periph_reset_enable) for rcu_periph_reset_enable
    gd32f30x_can.o(i.can_deinit) refers to gd32f30x_rcu.o(i.rcu_periph_reset_disable) for rcu_periph_reset_disable
    gd32f30x_can.o(i.can_interrupt_flag_get) refers to gd32f30x_can.o(i.can_receive_message_length_get) for can_receive_message_length_get
    gd32f30x_can.o(i.can_interrupt_flag_get) refers to gd32f30x_can.o(i.can_error_get) for can_error_get
    gd32f30x_ctc.o(i.ctc_deinit) refers to gd32f30x_rcu.o(i.rcu_periph_reset_enable) for rcu_periph_reset_enable
    gd32f30x_ctc.o(i.ctc_deinit) refers to gd32f30x_rcu.o(i.rcu_periph_reset_disable) for rcu_periph_reset_disable
    gd32f30x_dac.o(i.dac_deinit) refers to gd32f30x_rcu.o(i.rcu_periph_reset_enable) for rcu_periph_reset_enable
    gd32f30x_dac.o(i.dac_deinit) refers to gd32f30x_rcu.o(i.rcu_periph_reset_disable) for rcu_periph_reset_disable
    gd32f30x_dma.o(i.dma_channel_disable) refers to gd32f30x_dma.o(i.dma_periph_and_channel_check) for dma_periph_and_channel_check
    gd32f30x_dma.o(i.dma_channel_enable) refers to gd32f30x_dma.o(i.dma_periph_and_channel_check) for dma_periph_and_channel_check
    gd32f30x_dma.o(i.dma_circulation_disable) refers to gd32f30x_dma.o(i.dma_periph_and_channel_check) for dma_periph_and_channel_check
    gd32f30x_dma.o(i.dma_circulation_enable) refers to gd32f30x_dma.o(i.dma_periph_and_channel_check) for dma_periph_and_channel_check
    gd32f30x_dma.o(i.dma_deinit) refers to gd32f30x_dma.o(i.dma_periph_and_channel_check) for dma_periph_and_channel_check
    gd32f30x_dma.o(i.dma_init) refers to gd32f30x_dma.o(i.dma_periph_and_channel_check) for dma_periph_and_channel_check
    gd32f30x_dma.o(i.dma_interrupt_disable) refers to gd32f30x_dma.o(i.dma_periph_and_channel_check) for dma_periph_and_channel_check
    gd32f30x_dma.o(i.dma_interrupt_enable) refers to gd32f30x_dma.o(i.dma_periph_and_channel_check) for dma_periph_and_channel_check
    gd32f30x_dma.o(i.dma_memory_address_config) refers to gd32f30x_dma.o(i.dma_periph_and_channel_check) for dma_periph_and_channel_check
    gd32f30x_dma.o(i.dma_memory_increase_disable) refers to gd32f30x_dma.o(i.dma_periph_and_channel_check) for dma_periph_and_channel_check
    gd32f30x_dma.o(i.dma_memory_increase_enable) refers to gd32f30x_dma.o(i.dma_periph_and_channel_check) for dma_periph_and_channel_check
    gd32f30x_dma.o(i.dma_memory_to_memory_disable) refers to gd32f30x_dma.o(i.dma_periph_and_channel_check) for dma_periph_and_channel_check
    gd32f30x_dma.o(i.dma_memory_to_memory_enable) refers to gd32f30x_dma.o(i.dma_periph_and_channel_check) for dma_periph_and_channel_check
    gd32f30x_dma.o(i.dma_memory_width_config) refers to gd32f30x_dma.o(i.dma_periph_and_channel_check) for dma_periph_and_channel_check
[...]
    makeTeaShowTime                          0x0800b6c9   Thumb Code   350  teaextractionpage.o(i.makeTeaShowTime)
    memory_allocation_failed                 0x0800b831   Thumb Code    10  work.o(i.memory_allocation_failed)
    mqttConfig                               0x0800b83d   Thumb Code   116  app_mqtt.o(i.mqttConfig)
    mqttConfigCallback                       0x0800b921   Thumb Code    60  app_mqtt.o(i.mqttConfigCallback)
    mqttConnectCallback                      0x0800b9b5   Thumb Code    70  app_mqtt.o(i.mqttConnectCallback)
    mqttPublishCallback                      0x0800ba7d   Thumb Code   104  app_mqtt.o(i.mqttPublishCallback)
    mqttQueryCallback                        0x0800bb59   Thumb Code   576  app_mqtt.o(i.mqttQueryCallback)
    mqttSubscribeCallback                    0x0800bf5d   Thumb Code    58  app_mqtt.o(i.mqttSubscribeCallback)
    nvic_irq_enable                          0x0800c009   Thumb Code   186  gd32f30x_misc.o(i.nvic_irq_enable)
    nvic_priority_group_set                  0x0800c0cd   Thumb Code    10  gd32f30x_misc.o(i.nvic_priority_group_set)
    openCirculationPump                      0x0800c0e1   Thumb Code    30  relay.o(i.openCirculationPump)
    openCirculationValve                     0x0800c109   Thumb Code    32  relay.o(i.openCirculationValve)
    openInletValve                           0x0800c131   Thumb Code    32  relay.o(i.openInletValve)
    openPump1                                0x0800c159   Thumb Code    30  relay.o(i.openPump1)
    openWashValve                            0x0800c181   Thumb Code    32  relay.o(i.openWashValve)
    processEventMessage                      0x0800cf81   Thumb Code   250  app_mqtt.o(i.processEventMessage)
    processMQTTCommandMessage                0x0800d1b1   Thumb Code   206  app_mqtt.o(i.processMQTTCommandMessage)
    processMQTTDownlinkMessage               0x0800d341   Thumb Code   430  app_mqtt.o(i.processMQTTDownlinkMessage)
    processMQTTSubscriptionMessage           0x0800d62d   Thumb Code   390  app_mqtt.o(i.processMQTTSubscriptionMessage)
    publish_allData                          0x0800d911   Thumb Code   474  app_mqtt.o(i.publish_allData)
    publish_coffeeMakeCnt                    0x0800dbad   Thumb Code   392  app_mqtt.o(i.publish_coffeeMakeCnt)
    publish_deviceRunState                   0x0800ddd1   Thumb Code   164  app_mqtt.o(i.publish_deviceRunState)
    publish_drainRelatData                   0x0800decd   Thumb Code   214  app_mqtt.o(i.publish_drainRelatData)
    publish_lockState                        0x0800e001   Thumb Code   118  app_mqtt.o(i.publish_lockState)
    publish_teaMakeCnt                       0x0800e0cd   Thumb Code   392  app_mqtt.o(i.publish_teaMakeCnt)
    publish_unlockState                      0x0800e2f1   Thumb Code   118  app_mqtt.o(i.publish_unlockState)
    publish_washCnt                          0x0800e3bd   Thumb Code   158  app_mqtt.o(i.publish_washCnt)
    queue_find_cmd                           0x0800e4a9   Thumb Code   122  lcd_cmd_queue.o(i.queue_find_cmd)
    queue_find_cmd2                          0x0800e52d   Thumb Code   122  lcd_cmd_queue.o(i.queue_find_cmd2)
    queue_push                               0x0800e619   Thumb Code    44  lcd_cmd_queue.o(i.queue_push)
    queue_push2                              0x0800e649   Thumb Code    44  lcd_cmd_queue.o(i.queue_push2)
    rcu_adc_clock_config                     0x0800e6b9   Thumb Code    98  gd32f30x_rcu.o(i.rcu_adc_clock_config)
    rcu_clock_freq_get                       0x0800e725   Thumb Code   310  gd32f30x_rcu.o(i.rcu_clock_freq_get)
    rcu_periph_clock_enable                  0x0800e87d   Thumb Code    28  gd32f30x_rcu.o(i.rcu_periph_clock_enable)
    rcu_periph_reset_disable                 0x0800e89d   Thumb Code    28  gd32f30x_rcu.o(i.rcu_periph_reset_disable)
    rcu_periph_reset_enable                  0x0800e8bd   Thumb Code    28  gd32f30x_rcu.o(i.rcu_periph_reset_enable)
    readSaveData                             0x0800e8dd   Thumb Code   420  eeprom.o(i.readSaveData)
    read_device_info_data                    0x0800eb05   Thumb Code   124  eeprom.o(i.read_device_info_data)
    realloc                                  0x0800eb85   Thumb Code   102  mallocr.o(i.realloc)
    recordOutputState                        0x0800ebf1   Thumb Code    46  relay.o(i.recordOutputState)
    registerDevice                           0x0800ec25   Thumb Code   134  app_mqtt.o(i.registerDevice)
    registerDeviceCallback                   0x0800ed09   Thumb Code  1616  app_mqtt.o(i.registerDeviceCallback)
    relay_OFF                                0x0800f379   Thumb Code    16  relay.o(i.relay_OFF)
    relay_ON                                 0x0800f391   Thumb Code    16  relay.o(i.relay_ON)
    relay_init                               0x0800f3a9   Thumb Code    98  relay.o(i.relay_init)
    restoreOutputState                       0x0800f41d   Thumb Code   122  relay.o(i.restoreOutputState)
    sanitInit                                0x0800f49d   Thumb Code    24  sanit.o(i.sanitInit)
    sanitPageButton                          0x0800f4b9   Thumb Code   452  sanitpage.o(i.sanitPageButton)
    sanitPause                               0x0800f781   Thumb Code    12  sanit.o(i.sanitPause)
    sanitProcessControl                      0x0800f78d   Thumb Code  2084  sanit.o(i.sanitProcessControl)
    sanitReset                               0x0801001d   Thumb Code    38  sanit.o(i.sanitReset)
    sanitShowTime                            0x08010049   Thumb Code   354  sanitpage.o(i.sanitShowTime)
    saveCoffeeCurrentNum                     0x080101b5   Thumb Code    44  coffeesetpage.o(i.saveCoffeeCurrentNum)
    saveTeaCurrentNum                        0x08010229   Thumb Code    14  teasetpage.o(i.saveTeaCurrentNum)
    scheduler                                0x0801023d   Thumb Code    54  work.o(i.scheduler)
    settingPageButton                        0x08010279   Thumb Code    26  deviceinfopage.o(i.settingPageButton)
    startCooling                             0x080102d1   Thumb Code    30  relay.o(i.startCooling)
    stopCooling                              0x080102f9   Thumb Code    96  relay.o(i.stopCooling)
    systick_config                           0x08010489   Thumb Code    74  systick.o(i.systick_config)
    task_init                                0x080104d9   Thumb Code   120  work.o(i.task_init)
    teaCollectChange                         0x08010579   Thumb Code   190  teasetpage.o(i.teaCollectChange)
    teaCollectChoose                         0x08010681   Thumb Code    50  teasetpage.o(i.teaCollectChoose)
    teaExtractionPageButton                  0x080106c1   Thumb Code   534  teaextractionpage.o(i.teaExtractionPageButton)
    teaMakeInit                              0x08010a09   Thumb Code    50  teamake.o(i.teaMakeInit)
    teaMakePause                             0x08010a75   Thumb Code    38  teamake.o(i.teaMakePause)
    teaMakeReset                             0x08010aa1   Thumb Code    44  teamake.o(i.teaMakeReset)
    teaProcessControl                        0x08010ad5   Thumb Code   964  teamake.o(i.teaProcessControl)
    teaSetPageButton                         0x08010fcd   Thumb Code  1402  teasetpage.o(i.teaSetPageButton)
    teaSetPageText                           0x08011565   Thumb Code   110  teasetpage.o(i.teaSetPageText)
    timeSetPageButton                        0x08011615   Thumb Code    26  timesetpage.o(i.timeSetPageButton)
    timeSetPageSelector                      0x08011631   Thumb Code   120  timesetpage.o(i.timeSetPageSelector)
    timer1_config                            0x080116ad   Thumb Code    98  timer.o(i.timer1_config)
    timer6_config                            0x08011711   Thumb Code    96  button.o(i.timer6_config)
    timer_deinit                             0x08011775   Thumb Code   210  gd32f30x_timer.o(i.timer_deinit)
    timer_enable                             0x08011851   Thumb Code    10  gd32f30x_timer.o(i.timer_enable)
    timer_init                               0x0801185d   Thumb Code   122  gd32f30x_timer.o(i.timer_init)
    timer_interrupt_enable                   0x080118f5   Thumb Code     8  gd32f30x_timer.o(i.timer_interrupt_enable)
    timer_interrupt_flag_clear               0x080118fd   Thumb Code     6  gd32f30x_timer.o(i.timer_interrupt_flag_clear)
    timer_interrupt_flag_get                 0x08011903   Thumb Code    24  gd32f30x_timer.o(i.timer_interrupt_flag_get)
    timer_struct_para_init                   0x0801191b   Thumb Code    22  gd32f30x_timer.o(i.timer_struct_para_init)
    uart0_config                             0x08011931   Thumb Code   162  uart.o(i.uart0_config)
    uart0_dma_init                           0x080119dd   Thumb Code   212  uart.o(i.uart0_dma_init)
    uart0_dma_send                           0x08011abd   Thumb Code    92  uart.o(i.uart0_dma_send)
    uart1_config                             0x08011b29   Thumb Code   158  uart.o(i.uart1_config)
    uart1_dma_init                           0x08011bd1   Thumb Code   212  uart.o(i.uart1_dma_init)
    uart1_dma_send                           0x08011cb1   Thumb Code    92  uart.o(i.uart1_dma_send)
    uart2_config                             0x08011d1d   Thumb Code   162  uart.o(i.uart2_config)
    uart2_dma_init                           0x08011dc9   Thumb Code   212  uart.o(i.uart2_dma_init)
    uart2_dma_send                           0x08011ea9   Thumb Code    92  uart.o(i.uart2_dma_send)
    uart3_config                             0x08011f15   Thumb Code   162  uart.o(i.uart3_config)
    uart3_dma_init                           0x08011fc1   Thumb Code   212  uart.o(i.uart3_dma_init)
    uart4_config                             0x080120a1   Thumb Code   152  uart.o(i.uart4_config)
    uart4_send_buf                           0x08012145   Thumb Code    42  uart.o(i.uart4_send_buf)
    unlockDevice                             0x08012175   Thumb Code    52  work.o(i.unlockDevice)
    updataWaterTapPageText                   0x080121a9   Thumb Code   464  watertappage.o(i.updataWaterTapPageText)
    updateDeviceInfoPage                     0x08012389   Thumb Code   430  deviceinfopage.o(i.updateDeviceInfoPage)
    updateTeaCollect                         0x08012549   Thumb Code   192  teasetpage.o(i.updateTeaCollect)
    updateTimeSet                            0x08012615   Thumb Code   448  timesetpage.o(i.updateTimeSet)
    usart_baudrate_set                       0x08012845   Thumb Code   136  gd32f30x_usart.o(i.usart_baudrate_set)
    usart_data_receive                       0x080128d5   Thumb Code    10  gd32f30x_usart.o(i.usart_data_receive)
    usart_data_transmit                      0x080128df   Thumb Code     8  gd32f30x_usart.o(i.usart_data_transmit)
    usart_deinit                             0x080128e9   Thumb Code   136  gd32f30x_usart.o(i.usart_deinit)
    usart_dma_receive_config                 0x08012979   Thumb Code    20  gd32f30x_usart.o(i.usart_dma_receive_config)
    usart_dma_transmit_config                0x0801298d   Thumb Code    20  gd32f30x_usart.o(i.usart_dma_transmit_config)
    usart_enable                             0x080129a1   Thumb Code    10  gd32f30x_usart.o(i.usart_enable)
    usart_flag_get                           0x080129ab   Thumb Code    30  gd32f30x_usart.o(i.usart_flag_get)
    usart_hardware_flow_cts_config           0x080129c9   Thumb Code    20  gd32f30x_usart.o(i.usart_hardware_flow_cts_config)
    usart_hardware_flow_rts_config           0x080129dd   Thumb Code    20  gd32f30x_usart.o(i.usart_hardware_flow_rts_config)
    usart_interrupt_enable                   0x080129f1   Thumb Code    26  gd32f30x_usart.o(i.usart_interrupt_enable)
    usart_interrupt_flag_get                 0x08012a0b   Thumb Code    56  gd32f30x_usart.o(i.usart_interrupt_flag_get)
    usart_parity_config                      0x08012a43   Thumb Code    16  gd32f30x_usart.o(i.usart_parity_config)
    usart_receive_config                     0x08012a53   Thumb Code    20  gd32f30x_usart.o(i.usart_receive_config)
    usart_stop_bit_set                       0x08012a67   Thumb Code    16  gd32f30x_usart.o(i.usart_stop_bit_set)
    usart_transmit_config                    0x08012a77   Thumb Code    20  gd32f30x_usart.o(i.usart_transmit_config)
    usart_word_length_set                    0x08012a8b   Thumb Code    16  gd32f30x_usart.o(i.usart_word_length_set)
    washInit                                 0x08012bc9   Thumb Code    24  wash.o(i.washInit)
    washPageButton                           0x08012be5   Thumb Code   462  washpage.o(i.washPageButton)
    washPause                                0x08012ed5   Thumb Code    12  wash.o(i.washPause)
    washProcessControl                       0x08012ee1   Thumb Code  2372  wash.o(i.washProcessControl)
    washReset                                0x080138e9   Thumb Code    40  wash.o(i.washReset)
    washShowTime                             0x08013915   Thumb Code   350  washpage.o(i.washShowTime)
    waterDrainStop                           0x08013a7d   Thumb Code    54  waterlevel.o(i.waterDrainStop)
    waterInletControl                        0x08013af1   Thumb Code   344  waterlevel.o(i.waterInletControl)
    waterInletStop                           0x08013cc5   Thumb Code    46  waterlevel.o(i.waterInletStop)
    waterLevel_init                          0x08013d31   Thumb Code    24  waterlevel.o(i.waterLevel_init)
    waterLevel_update                        0x08013d55   Thumb Code   176  waterlevel.o(i.waterLevel_update)
    waterTapInit                             0x08013e31   Thumb Code   104  watertap.o(i.waterTapInit)
    waterTapMainPageButton                   0x08013ea1   Thumb Code   650  watertappage.o(i.waterTapMainPageButton)
    waterTapProcessControl                   0x080141c1   Thumb Code   836  watertap.o(i.waterTapProcessControl)
    waterTapSetForeColor                     0x0801455d   Thumb Code   100  watertappage.o(i.waterTapSetForeColor)
    waterTapSetIcon                          0x080145c5   Thumb Code    98  watertappage.o(i.waterTapSetIcon)
    waterTapSetPageButton                    0x0801462d   Thumb Code    98  watertappage.o(i.waterTapSetPageButton)
    waterTapSetPageText                      0x080146dd   Thumb Code   328  watertappage.o(i.waterTapSetPageText)
    waterdrainControl                        0x0801482d   Thumb Code   394  waterlevel.o(i.waterdrainControl)
    wifiInit                                 0x08014a61   Thumb Code    52  bsp_wifi.o(i.wifiInit)
    wifiSetPageButton                        0x08014a9d   Thumb Code   286  wifisetpage.o(i.wifiSetPageButton)
    writeConfigData                          0x08014c75   Thumb Code    14  eeprom.o(i.writeConfigData)
    writeRecordData                          0x08014c89   Thumb Code    16  eeprom.o(i.writeRecordData)
    write_config_data                        0x08014c9d   Thumb Code   436  eeprom.o(i.write_config_data)
    write_device_info_data                   0x08014e55   Thumb Code   124  eeprom.o(i.write_device_info_data)
    write_record_data                        0x08014ed5   Thumb Code   258  eeprom.o(i.write_record_data)
    __ctype_table                            0x080155fe   Data         129  ctype_o.o(.constdata)
    Region$$Table$$Base                      0x080157d8   Number         0  anon$$obj.o(Region$$Table)
    Region$$Table$$Limit                     0x080157f8   Number         0  anon$$obj.o(Region$$Table)
    SystemCoreClock                          0x20000004   Data           4  system_gd32f30x.o(.data)
    timer8_flag                              0x20000039   Data           1  button.o(.data)
    deviceRunState                           0x2000013e   Data           1  work.o(.data)
    current_state                            0x2000013f   Data           1  work.o(.data)
    state_machine                            0x20000140   Data           4  work.o(.data)
    state_count                              0x20000144   Data           1  work.o(.data)
    eeprom_address                           0x20000148   Data           2  eeprom.o(.data)
    adc_val                                  0x2000014c   Data           2  adc.o(.data)
    filter_index                             0x20000150   Data           4  adc.o(.data)
    LCD_data                                 0x2000030a   Data           6  lcd_data_process.o(.data)
    LCD_data2                                0x20000310   Data           6  lcd_data_process.o(.data)
    rxHead                                   0x20000318   Data           2  app_wifi.o(.data)
    rxTail                                   0x2000031a   Data           2  app_wifi.o(.data)
    hasNewEvent                              0x2000031c   Data           1  app_wifi.o(.data)
    elog_assert_hook                         0x20000358   Data           4  elog.o(.data)
    saveCoffeeDataChangeFlag                 0x200003a8   Data           1  coffeesetpage.o(.data)
    saveTeaDataChangeFlag                    0x200003aa   Data           1  teasetpage.o(.data)
    timeSet                                  0x200003ab   Data           5  timesetpage.o(.data)
    wifiSetState                             0x200003b2   Data           1  wifisetpage.o(.data)
    __stdout                                 0x200003b4   Data           4  stdout.o(.data)
    __microlib_freelist                      0x200003b8   Data           4  mvars.o(.data)
    __microlib_freelist_initialised          0x200003bc   Data           4  mvars.o(.data)
    uart0_struct                             0x200003c4   Data         460  uart.o(.bss)
    tx0_queue                                0x20000590   Data        2612  uart.o(.bss)
    uart1_struct                             0x20000fc4   Data         460  uart.o(.bss)
    tx1_queue                                0x20001190   Data        2612  uart.o(.bss)
    uart2_struct                             0x20001bc4   Data         460  uart.o(.bss)
    tx2_queue                                0x20001d90   Data        2612  uart.o(.bss)
    uart3_struct                             0x200027c4   Data         460  uart.o(.bss)
    key_val                                  0x20002990   Data          16  button.o(.bss)
    outputState                              0x200029c8   Data          48  relay.o(.bss)
    Timer                                    0x200029f8   Data          16  timer.o(.bss)
    task_queue                               0x20002f10   Data          12  work.o(.bss)
    config                                   0x20003421   Data         153  eeprom.o(.bss)
    record                                   0x200034ba   Data          48  eeprom.o(.bss)
    deviceInfo                               0x200034ea   Data         555  eeprom.o(.bss)
    pressure_filter                          0x20003718   Data          12  waterlevel.o(.bss)
    waterLevel                               0x20003724   Data          28  waterlevel.o(.bss)
    coffee                                   0x20003c48   Data          20  coffeemake.o(.bss)
    drain                                    0x20004164   Data          20  drain.o(.bss)
    sanit                                    0x20004680   Data          32  sanit.o(.bss)
    tea                                      0x20004ba8   Data          20  teamake.o(.bss)
    wash                                     0x200050c4   Data          32  wash.o(.bss)
    waterTap_                                0x200050e4   Data          20  watertap.o(.bss)
    cmd_buffer                               0x20005200   Data          64  lcd_data_process.o(.bss)
    cmd_buffer2                              0x20005240   Data          64  lcd_data_process.o(.bss)
    WIFI                                     0x20005788   Data        1588  app_wifi.o(.bss)
    currentCmd                               0x20005dbc   Data        1308  app_wifi.o(.bss)
    rxBuffer                                 0x200062d8   Data        1024  app_wifi.o(.bss)
    lastEventMessage                         0x200066d8   Data         256  app_wifi.o(.bss)
    Network                                  0x20006ddd   Data         196  app_wifi_set.o(.bss)
    __heap_base                              0x200078a0   Data           0  startup_gd32f30x_hd.o(HEAP)
    __heap_limit                             0x200090a0   Data           0  startup_gd32f30x_hd.o(HEAP)
    __initial_sp                             0x2000a8a0   Data           0  startup_gd32f30x_hd.o(STACK)



==============================================================================

Memory Map of the image

  Image Entry point : 0x08000131

  Load Region LR_IROM1 (Base: 0x08000000, Size: 0x00015bbc, Max: 0x00040000, ABSOLUTE, COMPRESSED[0x00015884])

    Execution Region ER_IROM1 (Exec base: 0x08000000, Load base: 0x08000000, Size: 0x000157f8, Max: 0x00040000, ABSOLUTE)

    Exec Addr    Load Addr    Size         Type   Attr      Idx    E Section Name        Object

    0x08000000   0x08000000   0x00000130   Data   RO         4330    RESET               startup_gd32f30x_hd.o
    0x08000130   0x08000130   0x00000000   Code   RO         8665  * .ARM.Collect$$$$00000000  mc_w.l(entry.o)
    0x08000130   0x08000130   0x00000004   Code   RO         9015    .ARM.Collect$$$$00000001  mc_w.l(entry2.o)
    0x08000134   0x08000134   0x00000004   Code   RO         9018    .ARM.Collect$$$$00000004  mc_w.l(entry5.o)
    0x08000138   0x08000138   0x00000000   Code   RO         9020    .ARM.Collect$$$$00000008  mc_w.l(entry7b.o)
    0x08000138   0x08000138   0x00000000   Code   RO         9022    .ARM.Collect$$$$0000000A  mc_w.l(entry8b.o)
    0x08000138   0x08000138   0x00000008   Code   RO         9023    .ARM.Collect$$$$0000000B  mc_w.l(entry9a.o)
    0x08000140   0x08000140   0x00000004   Code   RO         9030    .ARM.Collect$$$$0000000E  mc_w.l(entry12b.o)
    0x08000144   0x08000144   0x00000000   Code   RO         9025    .ARM.Collect$$$$0000000F  mc_w.l(entry10a.o)
    0x08000144   0x08000144   0x00000000   Code   RO         9027    .ARM.Collect$$$$00000011  mc_w.l(entry11a.o)
    0x08000144   0x08000144   0x00000004   Code   RO         9016    .ARM.Collect$$$$00002712  mc_w.l(entry2.o)
    0x08000148   0x08000148   0x00000024   Code   RO         4331    .text               startup_gd32f30x_hd.o
    0x0800016c   0x0800016c   0x0000000c   Code   RO         8668    .text               mc_w.l(tolower.o)
    0x08000178   0x08000178   0x00000024   Code   RO         8670    .text               mc_w.l(memcpya.o)
    0x0800019c   0x0800019c   0x00000024   Code   RO         8672    .text               mc_w.l(memseta.o)
    0x080001c0   0x080001c0   0x00000018   Code   RO         8674    .text               mc_w.l(strcat.o)
    0x080001d8   0x080001d8   0x00000024   Code   RO         8676    .text               mc_w.l(strstr.o)
    0x080001fc   0x080001fc   0x00000018   Code   RO         8678    .text               mc_w.l(strncpy.o)
    0x08000214   0x08000214   0x00000014   Code   RO         8680    .text               mc_w.l(strchr.o)
    0x08000228   0x08000228   0x0000000e   Code   RO         8682    .text               mc_w.l(strlen.o)
    0x08000236   0x08000236   0x0000001c   Code   RO         8684    .text               mc_w.l(strcmp.o)
    0x08000252   0x08000252   0x00000012   Code   RO         8688    .text               mc_w.l(strcpy.o)
    0x08000264   0x08000264   0x0000001e   Code   RO         8690    .text               mc_w.l(strncmp.o)
    0x08000282   0x08000282   0x00000016   Code   RO         8692    .text               mc_w.l(strrchr.o)
    0x08000298   0x08000298   0x00000038   Code   RO         8985    .text               mc_w.l(__0sscanf.o)
    0x080002d0   0x080002d0   0x0000014c   Code   RO         8987    .text               mc_w.l(_scanf_int.o)
    0x0800041c   0x0800041c   0x000000e0   Code   RO         8989    .text               mc_w.l(_scanf_str.o)
    0x080004fc   0x080004fc   0x00000360   Code   RO         8991    .text               mc_w.l(scanf_fp.o)
    0x0800085c   0x0800085c   0x0000001a   Code   RO         8995    .text               mc_w.l(atoi.o)
    0x08000876   0x08000876   0x0000014e   Code   RO         8997    .text               mf_w.l(dadd.o)
    0x080009c4   0x080009c4   0x000000e4   Code   RO         8999    .text               mf_w.l(dmul.o)
    0x08000aa8   0x08000aa8   0x00000022   Code   RO         9001    .text               mf_w.l(dflti.o)
    0x08000aca   0x08000aca   0x0000001a   Code   RO         9003    .text               mf_w.l(dfltui.o)
    0x08000ae4   0x08000ae4   0x0000003e   Code   RO         9005    .text               mf_w.l(dfixi.o)
    0x08000b22   0x08000b22   0x00000026   Code   RO         9007    .text               mf_w.l(f2d.o)
    0x08000b48   0x08000b48   0x00000030   Code   RO         9009    .text               mf_w.l(cdcmple.o)
    0x08000b78   0x08000b78   0x00000030   Code   RO         9011    .text               mf_w.l(cdrcmple.o)
    0x08000ba8   0x08000ba8   0x00000038   Code   RO         9013    .text               mf_w.l(d2f.o)
    0x08000be0   0x08000be0   0x0000002c   Code   RO         9032    .text               mc_w.l(uidiv.o)
    0x08000c0c   0x08000c0c   0x00000062   Code   RO         9034    .text               mc_w.l(uldiv.o)
    0x08000c6e   0x08000c6e   0x0000001e   Code   RO         9036    .text               mc_w.l(llshl.o)
    0x08000c8c   0x08000c8c   0x00000020   Code   RO         9038    .text               mc_w.l(llushr.o)
    0x08000cac   0x08000cac   0x00000024   Code   RO         9040    .text               mc_w.l(llsshr.o)
    0x08000cd0   0x08000cd0   0x0000001c   Code   RO         9051    .text               mc_w.l(_chval.o)
    0x08000cec   0x08000cec   0x00000028   Code   RO         9053    .text               mc_w.l(scanf_char.o)
    0x08000d14   0x08000d14   0x00000040   Code   RO         9055    .text               mc_w.l(_sgetc.o)
    0x08000d54   0x08000d54   0x0000009c   Code   RO         9057    .text               mc_w.l(strtod.o)
    0x08000df0   0x08000df0   0x00000070   Code   RO         9059    .text               mc_w.l(strtol.o)
    0x08000e60   0x08000e60   0x00000000   Code   RO         9061    .text               mc_w.l(iusefp.o)
    0x08000e60   0x08000e60   0x0000006e   Code   RO         9062    .text               mf_w.l(fepilogue.o)
    0x08000ece   0x08000ece   0x000000ba   Code   RO         9064    .text               mf_w.l(depilogue.o)
    0x08000f88   0x08000f88   0x000000de   Code   RO         9066    .text               mf_w.l(ddiv.o)
    0x08001066   0x08001066   0x00000018   Code   RO         9068    .text               mf_w.l(dfltul.o)
    0x0800107e   0x0800107e   0x00000030   Code   RO         9070    .text               mf_w.l(dfixul.o)
    0x080010ae   0x080010ae   0x00000002   PAD
    0x080010b0   0x080010b0   0x00000024   Code   RO         9072    .text               mc_w.l(init.o)
    0x080010d4   0x080010d4   0x00000008   Code   RO         9076    .text               mc_w.l(ctype_o.o)
    0x080010dc   0x080010dc   0x00000012   Code   RO         9098    .text               mc_w.l(isspace_o.o)
    0x080010ee   0x080010ee   0x00000002   PAD
    0x080010f0   0x080010f0   0x00000330   Code   RO         9104    .text               mc_w.l(_scanf.o)
    0x08001420   0x08001420   0x0000009e   Code   RO         9106    .text               mc_w.l(_strtoul.o)
    0x080014be   0x080014be   0x00000056   Code   RO         9119    .text               mc_w.l(__dczerorl2.o)
    0x08001514   0x08001514   0x000000a0   Code   RO         7507    i.ATCommandCallback  app_wifi_set.o
    0x080015b4   0x080015b4   0x000000b4   Code   RO         7400    i.AT_SendCommand    app_wifi.o
    0x08001668   0x08001668   0x00000150   Code   RO         7581    i.AT_SendCommandRaw  app_mqtt.o
    0x080017b8   0x080017b8   0x000006ec   Code   RO         7401    i.AT_Update         app_wifi.o
    0x08001ea4   0x08001ea4   0x000000b4   Code   RO         7508    i.AT_WAUTOCONNCallback  app_wifi_set.o
    0x08001f58   0x08001f58   0x000000ac   Code   RO         7509    i.AT_WCONFIGCallback  app_wifi_set.o
    0x08002004   0x08002004   0x000000b0   Code   RO         7510    i.AT_WCONFIGSTOPCallback  app_wifi_set.o
    0x080020b4   0x080020b4   0x00000218   Code   RO         7511    i.AT_WJAPCallback   app_wifi_set.o
    0x080022cc   0x080022cc   0x000000ac   Code   RO         7512    i.AT_WMODECallback  app_wifi_set.o
    0x08002378   0x08002378   0x00000090   Code   RO         6787    i.AnimationPlayFrame  uart_lcd.o
    0x08002408   0x08002408   0x00000004   Code   RO            3    i.BusFault_Handler  gd32f30x_it.o
    0x0800240c   0x0800240c   0x0000002c   Code   RO         4573    i.Button_gpio_init  button.o
    0x08002438   0x08002438   0x00000074   Code   RO         4337    i.DMA0_Channel1_IRQHandler  uart.o
    0x080024ac   0x080024ac   0x00000074   Code   RO         4338    i.DMA0_Channel3_IRQHandler  uart.o
    0x08002520   0x08002520   0x00000074   Code   RO         4339    i.DMA0_Channel6_IRQHandler  uart.o
    0x08002594   0x08002594   0x00000020   Code   RO         4340    i.DMA1_Channel3_4_IRQHandler  uart.o
    0x080025b4   0x080025b4   0x00000038   Code   RO         4645    i.DR_Key_Init       dr_button_api.o
    0x080025ec   0x080025ec   0x00000002   Code   RO            4    i.DebugMon_Handler  gd32f30x_it.o
    0x080025ee   0x080025ee   0x00000002   PAD
    0x080025f0   0x080025f0   0x00000010   Code   RO         4646    i.Get_Key1          dr_button_api.o
    0x08002600   0x08002600   0x00000010   Code   RO         4647    i.Get_Key2          dr_button_api.o
    0x08002610   0x08002610   0x00000004   Code   RO            5    i.HardFault_Handler  gd32f30x_it.o
    0x08002614   0x08002614   0x00000020   Code   RO         4648    i.Key1_PRESS_DOWN_Handler  dr_button_api.o
    0x08002634   0x08002634   0x00000020   Code   RO         4649    i.Key2_PRESS_DOWN_Handler  dr_button_api.o
    0x08002654   0x08002654   0x00000008   Code   RO         4650    i.Key_Tick          dr_button_api.o
    0x0800265c   0x0800265c   0x00000018   Code   RO         4766    i.LED_ON            led.o
    0x08002674   0x08002674   0x000008bc   Code   RO         7582    i.MQTT_Connect      app_mqtt.o
    0x08002f30   0x08002f30   0x00000248   Code   RO         7584    i.MQTT_PublishStatus  app_mqtt.o
    0x08003178   0x08003178   0x000000c8   Code   RO         7585    i.MQTT_Subscribe    app_mqtt.o
    0x08003240   0x08003240   0x00000004   Code   RO            6    i.MemManage_Handler  gd32f30x_it.o
    0x08003244   0x08003244   0x00000002   Code   RO            7    i.NMI_Handler       gd32f30x_it.o
    0x08003246   0x08003246   0x00000002   PAD
    0x08003248   0x08003248   0x00000028   Code   RO          241    i.NVIC_SetPriority  systick.o
    0x08003270   0x08003270   0x000000be   Code   RO         6580    i.NotifyButton      lcd_data_process.o
    0x0800332e   0x0800332e   0x0000002a   Code   RO         6581    i.NotifyButton2     lcd_data_process.o
    0x08003358   0x08003358   0x00000002   Code   RO         6582    i.NotifyMenu        lcd_data_process.o
    0x0800335a   0x0800335a   0x00000002   Code   RO         6583    i.NotifyMenu2       lcd_data_process.o
    0x0800335c   0x0800335c   0x00000002   Code   RO         6584    i.NotifyMeter       lcd_data_process.o
    0x0800335e   0x0800335e   0x00000002   Code   RO         6585    i.NotifyMeter2      lcd_data_process.o
    0x08003360   0x08003360   0x00000002   Code   RO         6586    i.NotifyProgress    lcd_data_process.o
    0x08003362   0x08003362   0x00000002   Code   RO         6587    i.NotifyProgress2   lcd_data_process.o
    0x08003364   0x08003364   0x00000002   Code   RO         6588    i.NotifyReadFlash   lcd_data_process.o
    0x08003366   0x08003366   0x00000008   Code   RO         6589    i.NotifyReadRTC     lcd_data_process.o
    0x0800336e   0x0800336e   0x00000002   PAD
    0x08003370   0x08003370   0x00000358   Code   RO         6590    i.NotifyScreen      lcd_data_process.o
    0x080036c8   0x080036c8   0x00000008   Code   RO         6591    i.NotifyScreen2     lcd_data_process.o
    0x080036d0   0x080036d0   0x0000001c   Code   RO         6592    i.NotifySelector    lcd_data_process.o
    0x080036ec   0x080036ec   0x00000008   Code   RO         6593    i.NotifySelector2   lcd_data_process.o
    0x080036f4   0x080036f4   0x00000002   Code   RO         6594    i.NotifySlider      lcd_data_process.o
    0x080036f6   0x080036f6   0x00000002   Code   RO         6595    i.NotifySlider2     lcd_data_process.o
    0x080036f8   0x080036f8   0x0000002c   Code   RO         6596    i.NotifyText        lcd_data_process.o
    0x08003724   0x08003724   0x0000001c   Code   RO         6597    i.NotifyText2       lcd_data_process.o
    0x08003740   0x08003740   0x00000002   Code   RO         6598    i.NotifyTimer       lcd_data_process.o
    0x08003742   0x08003742   0x00000002   Code   RO         6599    i.NotifyTimer2      lcd_data_process.o
    0x08003744   0x08003744   0x00000002   Code   RO         6600    i.NotifyTouchXY     lcd_data_process.o
    0x08003746   0x08003746   0x00000002   Code   RO         6601    i.NotifyWriteFlash  lcd_data_process.o
    0x08003748   0x08003748   0x00000002   Code   RO            8    i.PendSV_Handler    gd32f30x_it.o
    0x0800374a   0x0800374a   0x00000002   PAD
    0x0800374c   0x0800374c   0x00000188   Code   RO         6602    i.ProcessMessage    lcd_data_process.o
    0x080038d4   0x080038d4   0x000000d8   Code   RO         6603    i.ProcessMessage2   lcd_data_process.o
    0x080039ac   0x080039ac   0x00000024   Code   RO         4651    i.ReadKey1          dr_button_api.o
    0x080039d0   0x080039d0   0x00000024   Code   RO         4652    i.ReadKey2          dr_button_api.o
    0x080039f4   0x080039f4   0x00000002   Code   RO            9    i.SVC_Handler       gd32f30x_it.o
    0x080039f6   0x080039f6   0x00000002   PAD
    0x080039f8   0x080039f8   0x00000090   Code   RO         6854    i.SetButtonValue    uart_lcd.o
    0x08003a88   0x08003a88   0x00000090   Code   RO         6858    i.SetControlEnable  uart_lcd.o
    0x08003b18   0x08003b18   0x00000090   Code   RO         6861    i.SetControlVisiable  uart_lcd.o
    0x08003ba8   0x08003ba8   0x0000007c   Code   RO         6869    i.SetScreen         uart_lcd.o
    0x08003c24   0x08003c24   0x000000c8   Code   RO         6874    i.SetTextValue      uart_lcd.o
    0x08003cec   0x08003cec   0x00000034   Code   RO           10    i.SysTick_Handler   gd32f30x_it.o
    0x08003d20   0x08003d20   0x000000a8   Code   RO          290    i.SystemInit        system_gd32f30x.o
    0x08003dc8   0x08003dc8   0x00000090   Code   RO         4979    i.TIMER1_IRQHandler  timer.o
    0x08003e58   0x08003e58   0x0000006c   Code   RO         4574    i.TIMER6_IRQHandler  button.o
    0x08003ec4   0x08003ec4   0x00000054   Code   RO         4341    i.UART3_IRQHandler  uart.o
    0x08003f18   0x08003f18   0x000000f0   Code   RO         7402    i.UART4_IRQHandler  app_wifi.o
    0x08004008   0x08004008   0x00000054   Code   RO         4342    i.USART0_IRQHandler  uart.o
    0x0800405c   0x0800405c   0x00000070   Code   RO         4343    i.USART1_IRQHandler  uart.o
    0x080040cc   0x080040cc   0x00000070   Code   RO         4344    i.USART2_IRQHandler  uart.o
    0x0800413c   0x0800413c   0x000000cc   Code   RO         8147    i.UpdateCoffeeCollect  coffeesetpage.o
    0x08004208   0x08004208   0x00000004   Code   RO           11    i.UsageFault_Handler  gd32f30x_it.o
    0x0800420c   0x0800420c   0x000002d4   Code   RO         7513    i.WIFIAutoConfigNetWork  app_wifi_set.o
    0x080044e0   0x080044e0   0x000002ac   Code   RO         7514    i.WIFIConfiguration  app_wifi_set.o
    0x0800478c   0x0800478c   0x00000010   Code   RO         7472    i.WIFI_ENABLE       bsp_wifi.o
    0x0800479c   0x0800479c   0x00000020   Code   RO         8929    i.__0printf         mc_w.l(printfa.o)
    0x080047bc   0x080047bc   0x00000034   Code   RO         8930    i.__0snprintf       mc_w.l(printfa.o)
    0x080047f0   0x080047f0   0x00000028   Code   RO         8931    i.__0sprintf        mc_w.l(printfa.o)
    0x08004818   0x08004818   0x00000034   Code   RO         8934    i.__0vsnprintf      mc_w.l(printfa.o)
    0x0800484c   0x0800484c   0x00000008   Code   RO         9044    i.__aeabi_errno_addr  mc_w.l(errno.o)
    0x08004854   0x08004854   0x0000005c   Code   RO         8961    i.__free$realloc    mc_w.l(mallocr.o)
    0x080048b0   0x080048b0   0x00000038   Code   RO         8647    i.__hardfp_atof     m_wm.l(atof.o)
    0x080048e8   0x080048e8   0x00000014   Code   RO         8653    i.__hardfp_fabs     m_wm.l(fabs.o)
    0x080048fc   0x080048fc   0x00000004   PAD
    0x08004900   0x08004900   0x00000028   Code   RO         8659    i.__hardfp_strtod   m_wm.l(strtod.o)
    0x08004928   0x08004928   0x00000050   Code   RO         8962    i.__malloc$realloc  mc_w.l(mallocr.o)
    0x08004978   0x08004978   0x0000000c   Code   RO         9045    i.__read_errno      mc_w.l(errno.o)
    0x08004984   0x08004984   0x0000000e   Code   RO         9113    i.__scatterload_copy  mc_w.l(handlers.o)
    0x08004992   0x08004992   0x00000002   Code   RO         9114    i.__scatterload_null  mc_w.l(handlers.o)
    0x08004994   0x08004994   0x0000000e   Code   RO         9115    i.__scatterload_zeroinit  mc_w.l(handlers.o)
    0x080049a2   0x080049a2   0x00000002   PAD
    0x080049a4   0x080049a4   0x0000000c   Code   RO         9046    i.__set_errno       mc_w.l(errno.o)
    0x080049b0   0x080049b0   0x00000184   Code   RO         8936    i._fp_digits        mc_w.l(printfa.o)
    0x08004b34   0x08004b34   0x0000000e   Code   RO         8993    i._is_digit         mc_w.l(scanf_fp.o)
    0x08004b42   0x08004b42   0x00000002   PAD
    0x08004b44   0x08004b44   0x000006b4   Code   RO         8937    i._printf_core      mc_w.l(printfa.o)
    0x080051f8   0x080051f8   0x00000024   Code   RO         8938    i._printf_post_padding  mc_w.l(printfa.o)
    0x0800521c   0x0800521c   0x0000002e   Code   RO         8939    i._printf_pre_padding  mc_w.l(printfa.o)
    0x0800524a   0x0800524a   0x00000016   Code   RO         8940    i._snputc           mc_w.l(printfa.o)
    0x08005260   0x08005260   0x0000000a   Code   RO         8941    i._sputc            mc_w.l(printfa.o)
    0x0800526a   0x0800526a   0x00000002   PAD
    0x0800526c   0x0800526c   0x00000114   Code   RO         5385    i.adc0_config       adc.o
    0x08005380   0x08005380   0x0000002a   Code   RO          331    i.adc_calibration_enable  gd32f30x_adc.o
    0x080053aa   0x080053aa   0x00000046   Code   RO          332    i.adc_channel_length_config  gd32f30x_adc.o
    0x080053f0   0x080053f0   0x00000016   Code   RO          333    i.adc_data_alignment_config  gd32f30x_adc.o
    0x08005406   0x08005406   0x0000000a   Code   RO          338    i.adc_dma_mode_enable  gd32f30x_adc.o
    0x08005410   0x08005410   0x00000012   Code   RO          339    i.adc_enable        gd32f30x_adc.o
    0x08005422   0x08005422   0x0000003e   Code   RO          340    i.adc_external_trigger_config  gd32f30x_adc.o
    0x08005460   0x08005460   0x00000030   Code   RO          341    i.adc_external_trigger_source_config  gd32f30x_adc.o
    0x08005490   0x08005490   0x0000001c   Code   RO          351    i.adc_mode_config   gd32f30x_adc.o
    0x080054ac   0x080054ac   0x000000ac   Code   RO          355    i.adc_regular_channel_config  gd32f30x_adc.o
    0x08005558   0x08005558   0x0000001e   Code   RO          358    i.adc_software_trigger_enable  gd32f30x_adc.o
    0x08005576   0x08005576   0x0000005a   Code   RO          359    i.adc_special_function_config  gd32f30x_adc.o
    0x080055d0   0x080055d0   0x00000036   Code   RO         5798    i.add_item_to_array  cjson.o
    0x08005606   0x08005606   0x0000007a   Code   RO         5799    i.add_item_to_object  cjson.o
    0x08005680   0x08005680   0x00000060   Code   RO         5012    i.add_task          work.o
    0x080056e0   0x080056e0   0x00000068   Code   RO         5013    i.add_task_with_param  work.o
    0x08005748   0x08005748   0x00000048   Code   RO         5800    i.buffer_skip_whitespace  cjson.o
    0x08005790   0x08005790   0x00000032   Code   RO         4713    i.button_attach     dr_button_reg.o
    0x080057c2   0x080057c2   0x00000246   Code   RO         4714    i.button_handler    dr_button_reg.o
    0x08005a08   0x08005a08   0x0000000c   Code   RO         4715    i.button_init       dr_button_reg.o
    0x08005a14   0x08005a14   0x0000002c   Code   RO         4716    i.button_start      dr_button_reg.o
    0x08005a40   0x08005a40   0x0000001c   Code   RO         4718    i.button_ticks      dr_button_reg.o
    0x08005a5c   0x08005a5c   0x00000030   Code   RO         5801    i.cJSON_AddArrayToObject  cjson.o
    0x08005a8c   0x08005a8c   0x00000010   Code   RO         5806    i.cJSON_AddItemToArray  cjson.o
    0x08005a9c   0x08005a9c   0x0000004c   Code   RO         5810    i.cJSON_AddNumberToObject  cjson.o
    0x08005ae8   0x08005ae8   0x00000030   Code   RO         5811    i.cJSON_AddObjectToObject  cjson.o
    0x08005b18   0x08005b18   0x00000034   Code   RO         5813    i.cJSON_AddStringToObject  cjson.o
    0x08005b4c   0x08005b4c   0x00000018   Code   RO         5816    i.cJSON_CreateArray  cjson.o
    0x08005b64   0x08005b64   0x0000007c   Code   RO         5824    i.cJSON_CreateNumber  cjson.o
    0x08005be0   0x08005be0   0x00000018   Code   RO         5825    i.cJSON_CreateObject  cjson.o
    0x08005bf8   0x08005bf8   0x00000034   Code   RO         5828    i.cJSON_CreateString  cjson.o
    0x08005c2c   0x08005c2c   0x00000060   Code   RO         5832    i.cJSON_Delete      cjson.o
    0x08005c8c   0x08005c8c   0x00000010   Code   RO         5844    i.cJSON_GetErrorPtr  cjson.o
    0x08005c9c   0x08005c9c   0x00000012   Code   RO         5846    i.cJSON_GetObjectItem  cjson.o
    0x08005cae   0x08005cae   0x00000016   Code   RO         5857    i.cJSON_IsNumber    cjson.o
    0x08005cc4   0x08005cc4   0x00000016   Code   RO         5860    i.cJSON_IsString    cjson.o
    0x08005cda   0x08005cda   0x0000001a   Code   RO         5863    i.cJSON_New_Item    cjson.o
    0x08005cf4   0x08005cf4   0x00000010   Code   RO         5864    i.cJSON_Parse       cjson.o
    0x08005d04   0x08005d04   0x000000d4   Code   RO         5866    i.cJSON_ParseWithLengthOpts  cjson.o
    0x08005dd8   0x08005dd8   0x00000028   Code   RO         5867    i.cJSON_ParseWithOpts  cjson.o
    0x08005e00   0x08005e00   0x00000014   Code   RO         5871    i.cJSON_PrintUnformatted  cjson.o
    0x08005e14   0x08005e14   0x00000038   Code   RO         5881    i.cJSON_strdup      cjson.o
    0x08005e4c   0x08005e4c   0x0000001c   Code   RO         6475    i.calc_checksum     debug.o
    0x08005e68   0x08005e68   0x00000048   Code   RO         5882    i.case_insensitive_strcmp  cjson.o
    0x08005eb0   0x08005eb0   0x00000002   Code   RO         5883    i.cast_away_const   cjson.o
    0x08005eb2   0x08005eb2   0x00000002   PAD
    0x08005eb4   0x08005eb4   0x0000006c   Code   RO         4808    i.closeCirculationPump  relay.o
    0x08005f20   0x08005f20   0x00000014   Code   RO         4809    i.closeCirculationValve  relay.o
    0x08005f34   0x08005f34   0x00000014   Code   RO         4810    i.closeInletValve   relay.o
    0x08005f48   0x08005f48   0x0000006c   Code   RO         4811    i.closePump1        relay.o
    0x08005fb4   0x08005fb4   0x00000014   Code   RO         4813    i.closeWashValve    relay.o
    0x08005fc8   0x08005fc8   0x000000ac   Code   RO         8148    i.coffeeCollectChange  coffeesetpage.o
    0x08006074   0x08006074   0x00000040   Code   RO         8149    i.coffeeCollectChoose  coffeesetpage.o
    0x080060b4   0x080060b4   0x00000368   Code   RO         8108    i.coffeeExtractionPageButton  coffeeextractionpage.o
    0x0800641c   0x0800641c   0x00000078   Code   RO         5502    i.coffeeMakeInit    coffeemake.o
    0x08006494   0x08006494   0x0000002c   Code   RO         5503    i.coffeeMakePause   coffeemake.o
    0x080064c0   0x080064c0   0x0000003c   Code   RO         5504    i.coffeeMakeReset   coffeemake.o
    0x080064fc   0x080064fc   0x00000568   Code   RO         5505    i.coffeeProcessControl  coffeemake.o
    0x08006a64   0x08006a64   0x000005d4   Code   RO         8150    i.coffeeSetPageButton  coffeesetpage.o
    0x08007038   0x08007038   0x000000b0   Code   RO         8151    i.coffeeSetPageText  coffeesetpage.o
    0x080070e8   0x080070e8   0x000000c8   Code   RO         5884    i.compare_double    cjson.o
    0x080071b0   0x080071b0   0x00000424   Code   RO         6476    i.debugProcess      debug.o
    0x080075d4   0x080075d4   0x00000014   Code   RO          242    i.delay_1ms         systick.o
    0x080075e8   0x080075e8   0x00000018   Code   RO          243    i.delay_decrement   systick.o
    0x08007600   0x08007600   0x00000060   Code   RO         5014    i.delete_task       work.o
    0x08007660   0x08007660   0x00000052   Code   RO         4346    i.dequeue           uart.o
    0x080076b2   0x080076b2   0x00000002   PAD
    0x080076b4   0x080076b4   0x00000030   Code   RO         5336    i.dial_init         dial.o
    0x080076e4   0x080076e4   0x00000028   Code   RO         5016    i.disable_task      work.o
    0x0800770c   0x0800770c   0x00000032   Code   RO         1353    i.dma_channel_disable  gd32f30x_dma.o
    0x0800773e   0x0800773e   0x00000032   Code   RO         1354    i.dma_channel_enable  gd32f30x_dma.o
    0x08007770   0x08007770   0x00000032   Code   RO         1355    i.dma_circulation_disable  gd32f30x_dma.o
    0x080077a2   0x080077a2   0x00000032   Code   RO         1356    i.dma_circulation_enable  gd32f30x_dma.o
    0x080077d4   0x080077d4   0x00000070   Code   RO         1357    i.dma_deinit        gd32f30x_dma.o
    0x08007844   0x08007844   0x00000010   Code   RO         1358    i.dma_flag_clear    gd32f30x_dma.o
    0x08007854   0x08007854   0x0000012e   Code   RO         1360    i.dma_init          gd32f30x_dma.o
    0x08007982   0x08007982   0x00000032   Code   RO         1362    i.dma_interrupt_enable  gd32f30x_dma.o
    0x080079b4   0x080079b4   0x00000010   Code   RO         1363    i.dma_interrupt_flag_clear  gd32f30x_dma.o
    0x080079c4   0x080079c4   0x00000082   Code   RO         1364    i.dma_interrupt_flag_get  gd32f30x_dma.o
    0x08007a46   0x08007a46   0x00000024   Code   RO         1365    i.dma_memory_address_config  gd32f30x_dma.o
    0x08007a6a   0x08007a6a   0x00000032   Code   RO         1368    i.dma_memory_to_memory_disable  gd32f30x_dma.o
    0x08007a9c   0x08007a9c   0x00000018   Code   RO         1372    i.dma_periph_and_channel_check  gd32f30x_dma.o
    0x08007ab4   0x08007ab4   0x0000001c   Code   RO         1377    i.dma_struct_para_init  gd32f30x_dma.o
    0x08007ad0   0x08007ad0   0x00000026   Code   RO         1379    i.dma_transfer_number_config  gd32f30x_dma.o
    0x08007af6   0x08007af6   0x00000022   Code   RO         1380    i.dma_transfer_number_get  gd32f30x_dma.o
    0x08007b18   0x08007b18   0x0000006c   Code   RO         8242    i.drainChoosePageButton  drainpage.o
    0x08007b84   0x08007b84   0x000002b8   Code   RO         8243    i.drainPageButton   drainpage.o
    0x08007e3c   0x08007e3c   0x000002b4   Code   RO         5566    i.drainProcessControl  drain.o
    0x080080f0   0x080080f0   0x00000028   Code   RO         5567    i.drainReset        drain.o
    0x08008118   0x08008118   0x00000150   Code   RO         8244    i.drainShowTime     drainpage.o
    0x08008268   0x08008268   0x00000028   Code   RO         4814    i.drainValveExtract  relay.o
    0x08008290   0x08008290   0x00000014   Code   RO         4815    i.drainValveSewage  relay.o
    0x080082a4   0x080082a4   0x00000510   Code   RO         5227    i.eeprom_buffer_read_timeout  eeprom.o
    0x080087b4   0x080087b4   0x00000112   Code   RO         5228    i.eeprom_buffer_write_timeout  eeprom.o
    0x080088c6   0x080088c6   0x00000002   PAD
    0x080088c8   0x080088c8   0x00000464   Code   RO         5230    i.eeprom_page_write_timeout  eeprom.o
    0x08008d2c   0x08008d2c   0x000002e8   Code   RO         5231    i.eeprom_wait_standby_state_timeout  eeprom.o
    0x08009014   0x08009014   0x00000108   Code   RO         7817    i.elog_get_filter_tag_lvl  elog.o
    0x0800911c   0x0800911c   0x00000050   Code   RO         7821    i.elog_init         elog.o
    0x0800916c   0x0800916c   0x00000408   Code   RO         7822    i.elog_output       elog.o
    0x08009574   0x08009574   0x00000028   Code   RO         7823    i.elog_output_lock  elog.o
    0x0800959c   0x0800959c   0x00000040   Code   RO         7824    i.elog_output_lock_enabled  elog.o
    0x080095dc   0x080095dc   0x00000028   Code   RO         7825    i.elog_output_unlock  elog.o
    0x08009604   0x08009604   0x00000008   Code   RO         8014    i.elog_port_get_p_info  elog_port.o
    0x0800960c   0x0800960c   0x00000008   Code   RO         8015    i.elog_port_get_t_info  elog_port.o
    0x08009614   0x08009614   0x00000008   Code   RO         8016    i.elog_port_get_time  elog_port.o
    0x0800961c   0x0800961c   0x00000004   Code   RO         8017    i.elog_port_init    elog_port.o
    0x08009620   0x08009620   0x00000010   Code   RO         8018    i.elog_port_output  elog_port.o
    0x08009630   0x08009630   0x00000002   Code   RO         8019    i.elog_port_output_lock  elog_port.o
    0x08009632   0x08009632   0x00000002   Code   RO         8020    i.elog_port_output_unlock  elog_port.o
    0x08009634   0x08009634   0x000000b8   Code   RO         7829    i.elog_set_filter_lvl  elog.o
    0x080096ec   0x080096ec   0x0000003c   Code   RO         7832    i.elog_set_filter_tag_lvl_default  elog.o
    0x08009728   0x08009728   0x000000bc   Code   RO         7833    i.elog_set_fmt      elog.o
    0x080097e4   0x080097e4   0x000000cc   Code   RO         7834    i.elog_set_output_enabled  elog.o
    0x080098b0   0x080098b0   0x000000cc   Code   RO         7835    i.elog_set_text_color_enabled  elog.o
    0x0800997c   0x0800997c   0x00000088   Code   RO         7836    i.elog_start        elog.o
    0x08009a04   0x08009a04   0x00000100   Code   RO         8083    i.elog_strcpy       elog_utils.o
    0x08009b04   0x08009b04   0x00000028   Code   RO         5018    i.enable_task       work.o
    0x08009b2c   0x08009b2c   0x00000080   Code   RO         4347    i.enqueue           uart.o
    0x08009bac   0x08009bac   0x000000b8   Code   RO         5886    i.ensure            cjson.o
    0x08009c64   0x08009c64   0x000001e0   Code   RO         8109    i.enterCoffeeExtractionPage  coffeeextractionpage.o
    0x08009e44   0x08009e44   0x00000198   Code   RO         8330    i.enterProductionPage  productiondatapage.o
    0x08009fdc   0x08009fdc   0x000001b8   Code   RO         8386    i.enterTeaExtractionPage  teaextractionpage.o
    0x0800a194   0x0800a194   0x00000038   Code   RO         8286    i.errPageButton     errpage.o
    0x0800a1cc   0x0800a1cc   0x00000046   Code   RO         5473    i.ewma_filter_apply  app_filter.o
    0x0800a212   0x0800a212   0x00000002   PAD
    0x0800a214   0x0800a214   0x00000034   Code   RO         5474    i.ewma_filter_init  app_filter.o
    0x0800a248   0x0800a248   0x00000094   Code   RO         5020    i.execute_state_machine  work.o
    0x0800a2dc   0x0800a2dc   0x0000001e   Code   RO         5021    i.find_num          work.o
    0x0800a2fa   0x0800a2fa   0x00000002   PAD
    0x0800a2fc   0x0800a2fc   0x00000024   Code   RO         4348    i.fputc             uart.o
    0x0800a320   0x0800a320   0x00000020   Code   RO         4575    i.gd_eval_key_state_get  button.o
    0x0800a340   0x0800a340   0x00000038   Code   RO         4767    i.gd_eval_led_toggle  led.o
    0x0800a378   0x0800a378   0x0000004c   Code   RO         7589    i.getNextAvailableBuffer  app_mqtt.o
    0x0800a3c4   0x0800a3c4   0x00000004   Code   RO         5888    i.get_decimal_point  cjson.o
    0x0800a3c8   0x0800a3c8   0x000000c8   Code   RO         7838    i.get_fmt_enabled   elog.o
    0x0800a490   0x0800a490   0x0000001c   Code   RO         7839    i.get_fmt_used_and_enabled_ptr  elog.o
    0x0800a4ac   0x0800a4ac   0x0000001c   Code   RO         7840    i.get_fmt_used_and_enabled_u32  elog.o
    0x0800a4c8   0x0800a4c8   0x00000052   Code   RO         5889    i.get_object_item   cjson.o
    0x0800a51a   0x0800a51a   0x0000000a   Code   RO         2096    i.gpio_bit_write    gd32f30x_gpio.o
    0x0800a524   0x0800a524   0x000000bc   Code   RO         2104    i.gpio_init         gd32f30x_gpio.o
    0x0800a5e0   0x0800a5e0   0x00000010   Code   RO         2105    i.gpio_input_bit_get  gd32f30x_gpio.o
    0x0800a5f0   0x0800a5f0   0x00000090   Code   RO         2110    i.gpio_pin_remap_config  gd32f30x_gpio.o
    0x0800a680   0x0800a680   0x0000023c   Code   RO         5022    i.hw_init           work.o
    0x0800a8bc   0x0800a8bc   0x0000009c   Code   RO         5359    i.i2c0_bus_reset    iic.o
    0x0800a958   0x0800a958   0x0000007c   Code   RO         5360    i.i2c0_config       iic.o
    0x0800a9d4   0x0800a9d4   0x00000010   Code   RO         2224    i.i2c_ack_config    gd32f30x_i2c.o
    0x0800a9e4   0x0800a9e4   0x00000010   Code   RO         2225    i.i2c_ackpos_config  gd32f30x_i2c.o
    0x0800a9f4   0x0800a9f4   0x00000140   Code   RO         2226    i.i2c_clock_config  gd32f30x_i2c.o
    0x0800ab34   0x0800ab34   0x00000008   Code   RO         2227    i.i2c_data_receive  gd32f30x_i2c.o
    0x0800ab3c   0x0800ab3c   0x00000006   Code   RO         2228    i.i2c_data_transmit  gd32f30x_i2c.o
    0x0800ab42   0x0800ab42   0x00000002   PAD
    0x0800ab44   0x0800ab44   0x00000040   Code   RO         2229    i.i2c_deinit        gd32f30x_i2c.o
    0x0800ab84   0x0800ab84   0x0000000c   Code   RO         5233    i.i2c_eeprom_init   eeprom.o
    0x0800ab90   0x0800ab90   0x0000000a   Code   RO         2235    i.i2c_enable        gd32f30x_i2c.o
    0x0800ab9a   0x0800ab9a   0x00000028   Code   RO         2236    i.i2c_flag_clear    gd32f30x_i2c.o
    0x0800abc2   0x0800abc2   0x0000001e   Code   RO         2237    i.i2c_flag_get      gd32f30x_i2c.o
    0x0800abe0   0x0800abe0   0x00000014   Code   RO         2242    i.i2c_master_addressing  gd32f30x_i2c.o
    0x0800abf4   0x0800abf4   0x0000001c   Code   RO         2243    i.i2c_mode_addr_config  gd32f30x_i2c.o
    0x0800ac10   0x0800ac10   0x0000000a   Code   RO         2252    i.i2c_start_on_bus  gd32f30x_i2c.o
    0x0800ac1a   0x0800ac1a   0x0000000a   Code   RO         2253    i.i2c_stop_on_bus   gd32f30x_i2c.o
    0x0800ac24   0x0800ac24   0x00000148   Code   RO         7590    i.initMQTTTopics    app_mqtt.o
    0x0800ad6c   0x0800ad6c   0x00000010   Code   RO         5023    i.init_task_queue   work.o
    0x0800ad7c   0x0800ad7c   0x00000050   Code   RO         8963    i.internal_alloc    mc_w.l(mallocr.o)
    0x0800adcc   0x0800adcc   0x0000002c   Code   RO         6605    i.lcd_cmd_scan      lcd_data_process.o
    0x0800adf8   0x0800adf8   0x00000030   Code   RO         6606    i.lcd_cmd_scan2     lcd_data_process.o
    0x0800ae28   0x0800ae28   0x00000038   Code   RO         4768    i.led_init          led.o
    0x0800ae60   0x0800ae60   0x0000000c   Code   RO         5024    i.led_toggle_param  work.o
    0x0800ae6c   0x0800ae6c   0x00000324   Code   RO         8152    i.loadingCoffeeMakeSet  coffeesetpage.o
    0x0800b190   0x0800b190   0x00000328   Code   RO         8422    i.loadingTeaMakeSet  teasetpage.o
    0x0800b4b8   0x0800b4b8   0x00000034   Code   RO         5025    i.lockDevice        work.o
    0x0800b4ec   0x0800b4ec   0x00000054   Code   RO          192    i.main              main.o
    0x0800b540   0x0800b540   0x00000188   Code   RO         8110    i.makeCoffeeShowTime  coffeeextractionpage.o
    0x0800b6c8   0x0800b6c8   0x00000168   Code   RO         8387    i.makeTeaShowTime   teaextractionpage.o
    0x0800b830   0x0800b830   0x0000000a   Code   RO         5026    i.memory_allocation_failed  work.o
    0x0800b83a   0x0800b83a   0x00000002   PAD
    0x0800b83c   0x0800b83c   0x000000e4   Code   RO         7591    i.mqttConfig        app_mqtt.o
    0x0800b920   0x0800b920   0x00000094   Code   RO         7592    i.mqttConfigCallback  app_mqtt.o
    0x0800b9b4   0x0800b9b4   0x000000c8   Code   RO         7593    i.mqttConnectCallback  app_mqtt.o
    0x0800ba7c   0x0800ba7c   0x000000dc   Code   RO         7594    i.mqttPublishCallback  app_mqtt.o
    0x0800bb58   0x0800bb58   0x00000404   Code   RO         7595    i.mqttQueryCallback  app_mqtt.o
    0x0800bf5c   0x0800bf5c   0x000000ac   Code   RO         7596    i.mqttSubscribeCallback  app_mqtt.o
    0x0800c008   0x0800c008   0x000000c4   Code   RO         2428    i.nvic_irq_enable   gd32f30x_misc.o
    0x0800c0cc   0x0800c0cc   0x00000014   Code   RO         2429    i.nvic_priority_group_set  gd32f30x_misc.o
    0x0800c0e0   0x0800c0e0   0x00000028   Code   RO         4816    i.openCirculationPump  relay.o
    0x0800c108   0x0800c108   0x00000028   Code   RO         4817    i.openCirculationValve  relay.o
    0x0800c130   0x0800c130   0x00000028   Code   RO         4818    i.openInletValve    relay.o
    0x0800c158   0x0800c158   0x00000028   Code   RO         4819    i.openPump1         relay.o
    0x0800c180   0x0800c180   0x00000028   Code   RO         4821    i.openWashValve     relay.o
    0x0800c1a8   0x0800c1a8   0x000000f8   Code   RO         5891    i.parse_array       cjson.o
    0x0800c2a0   0x0800c2a0   0x0000005a   Code   RO         5892    i.parse_hex4        cjson.o
    0x0800c2fa   0x0800c2fa   0x00000002   PAD
    0x0800c2fc   0x0800c2fc   0x00000194   Code   RO         5893    i.parse_number      cjson.o
    0x0800c490   0x0800c490   0x0000014c   Code   RO         5894    i.parse_object      cjson.o
    0x0800c5dc   0x0800c5dc   0x0000018e   Code   RO         5895    i.parse_string      cjson.o
    0x0800c76a   0x0800c76a   0x00000002   PAD
    0x0800c76c   0x0800c76c   0x0000013c   Code   RO         5896    i.parse_value       cjson.o
    0x0800c8a8   0x0800c8a8   0x000000bc   Code   RO         5897    i.print             cjson.o
    0x0800c964   0x0800c964   0x000000b2   Code   RO         5898    i.print_array       cjson.o
    0x0800ca16   0x0800ca16   0x00000002   PAD
    0x0800ca18   0x0800ca18   0x0000016c   Code   RO         5899    i.print_number      cjson.o
    0x0800cb84   0x0800cb84   0x00000174   Code   RO         5900    i.print_object      cjson.o
    0x0800ccf8   0x0800ccf8   0x00000010   Code   RO         5901    i.print_string      cjson.o
    0x0800cd08   0x0800cd08   0x00000174   Code   RO         5902    i.print_string_ptr  cjson.o
    0x0800ce7c   0x0800ce7c   0x00000104   Code   RO         5903    i.print_value       cjson.o
    0x0800cf80   0x0800cf80   0x00000230   Code   RO         7598    i.processEventMessage  app_mqtt.o
    0x0800d1b0   0x0800d1b0   0x00000190   Code   RO         7599    i.processMQTTCommandMessage  app_mqtt.o
    0x0800d340   0x0800d340   0x000002ec   Code   RO         7600    i.processMQTTDownlinkMessage  app_mqtt.o
    0x0800d62c   0x0800d62c   0x000002e4   Code   RO         7601    i.processMQTTSubscriptionMessage  app_mqtt.o
    0x0800d910   0x0800d910   0x0000029c   Code   RO         7602    i.publish_allData   app_mqtt.o
    0x0800dbac   0x0800dbac   0x00000224   Code   RO         7604    i.publish_coffeeMakeCnt  app_mqtt.o
    0x0800ddd0   0x0800ddd0   0x000000fc   Code   RO         7605    i.publish_deviceRunState  app_mqtt.o
    0x0800decc   0x0800decc   0x00000134   Code   RO         7606    i.publish_drainRelatData  app_mqtt.o
    0x0800e000   0x0800e000   0x000000cc   Code   RO         7608    i.publish_lockState  app_mqtt.o
    0x0800e0cc   0x0800e0cc   0x00000224   Code   RO         7609    i.publish_teaMakeCnt  app_mqtt.o
    0x0800e2f0   0x0800e2f0   0x000000cc   Code   RO         7610    i.publish_unlockState  app_mqtt.o
    0x0800e3bc   0x0800e3bc   0x000000ec   Code   RO         7611    i.publish_washCnt   app_mqtt.o
    0x0800e4a8   0x0800e4a8   0x00000084   Code   RO         6504    i.queue_find_cmd    lcd_cmd_queue.o
    0x0800e52c   0x0800e52c   0x00000084   Code   RO         6505    i.queue_find_cmd2   lcd_cmd_queue.o
    0x0800e5b0   0x0800e5b0   0x00000034   Code   RO         6506    i.queue_pop         lcd_cmd_queue.o
    0x0800e5e4   0x0800e5e4   0x00000034   Code   RO         6507    i.queue_pop2        lcd_cmd_queue.o
    0x0800e618   0x0800e618   0x00000030   Code   RO         6508    i.queue_push        lcd_cmd_queue.o
    0x0800e648   0x0800e648   0x00000030   Code   RO         6509    i.queue_push2       lcd_cmd_queue.o
    0x0800e678   0x0800e678   0x00000020   Code   RO         6512    i.queue_size        lcd_cmd_queue.o
    0x0800e698   0x0800e698   0x00000020   Code   RO         6513    i.queue_size2       lcd_cmd_queue.o
    0x0800e6b8   0x0800e6b8   0x0000006c   Code   RO         2618    i.rcu_adc_clock_config  gd32f30x_rcu.o
    0x0800e724   0x0800e724   0x00000158   Code   RO         2627    i.rcu_clock_freq_get  gd32f30x_rcu.o
    0x0800e87c   0x0800e87c   0x00000020   Code   RO         2645    i.rcu_periph_clock_enable  gd32f30x_rcu.o
    0x0800e89c   0x0800e89c   0x00000020   Code   RO         2648    i.rcu_periph_reset_disable  gd32f30x_rcu.o
    0x0800e8bc   0x0800e8bc   0x00000020   Code   RO         2649    i.rcu_periph_reset_enable  gd32f30x_rcu.o
    0x0800e8dc   0x0800e8dc   0x00000228   Code   RO         5234    i.readSaveData      eeprom.o
    0x0800eb04   0x0800eb04   0x00000080   Code   RO         5235    i.read_device_info_data  eeprom.o
    0x0800eb84   0x0800eb84   0x0000006c   Code   RO         8964    i.realloc           mc_w.l(mallocr.o)
    0x0800ebf0   0x0800ebf0   0x00000034   Code   RO         4822    i.recordOutputState  relay.o
    0x0800ec24   0x0800ec24   0x000000e4   Code   RO         7612    i.registerDevice    app_mqtt.o
    0x0800ed08   0x0800ed08   0x00000670   Code   RO         7613    i.registerDeviceCallback  app_mqtt.o
    0x0800f378   0x0800f378   0x00000018   Code   RO         4823    i.relay_OFF         relay.o
    0x0800f390   0x0800f390   0x00000018   Code   RO         4824    i.relay_ON          relay.o
    0x0800f3a8   0x0800f3a8   0x00000074   Code   RO         4825    i.relay_init        relay.o
    0x0800f41c   0x0800f41c   0x00000080   Code   RO         4826    i.restoreOutputState  relay.o
    0x0800f49c   0x0800f49c   0x0000001c   Code   RO         5607    i.sanitInit         sanit.o
    0x0800f4b8   0x0800f4b8   0x000002c8   Code   RO         8352    i.sanitPageButton   sanitpage.o
    0x0800f780   0x0800f780   0x0000000c   Code   RO         5608    i.sanitPause        sanit.o
    0x0800f78c   0x0800f78c   0x00000890   Code   RO         5609    i.sanitProcessControl  sanit.o
    0x0801001c   0x0801001c   0x0000002c   Code   RO         5610    i.sanitReset        sanit.o
    0x08010048   0x08010048   0x0000016c   Code   RO         8353    i.sanitShowTime     sanitpage.o
    0x080101b4   0x080101b4   0x00000074   Code   RO         8154    i.saveCoffeeCurrentNum  coffeesetpage.o
    0x08010228   0x08010228   0x00000014   Code   RO         8424    i.saveTeaCurrentNum  teasetpage.o
    0x0801023c   0x0801023c   0x0000003c   Code   RO         5027    i.scheduler         work.o
    0x08010278   0x08010278   0x0000001a   Code   RO         8216    i.settingPageButton  deviceinfopage.o
    0x08010292   0x08010292   0x00000002   PAD
    0x08010294   0x08010294   0x0000003c   Code   RO         5907    i.skip_utf8_bom     cjson.o
    0x080102d0   0x080102d0   0x00000028   Code   RO         4827    i.startCooling      relay.o
    0x080102f8   0x080102f8   0x0000006c   Code   RO         4828    i.stopCooling       relay.o
    0x08010364   0x08010364   0x00000006   Code   RO         5908    i.suffix_object     cjson.o
    0x0801036a   0x0801036a   0x00000002   PAD
    0x0801036c   0x0801036c   0x00000114   Code   RO          291    i.system_clock_120m_hxtal  system_gd32f30x.o
    0x08010480   0x08010480   0x00000008   Code   RO          292    i.system_clock_config  system_gd32f30x.o
    0x08010488   0x08010488   0x00000050   Code   RO          244    i.systick_config    systick.o
    0x080104d8   0x080104d8   0x000000a0   Code   RO         5029    i.task_init         work.o
    0x08010578   0x08010578   0x00000108   Code   RO         8425    i.teaCollectChange  teasetpage.o
    0x08010680   0x08010680   0x00000040   Code   RO         8426    i.teaCollectChoose  teasetpage.o
    0x080106c0   0x080106c0   0x00000348   Code   RO         8388    i.teaExtractionPageButton  teaextractionpage.o
    0x08010a08   0x08010a08   0x0000006c   Code   RO         5656    i.teaMakeInit       teamake.o
    0x08010a74   0x08010a74   0x0000002c   Code   RO         5657    i.teaMakePause      teamake.o
    0x08010aa0   0x08010aa0   0x00000034   Code   RO         5658    i.teaMakeReset      teamake.o
    0x08010ad4   0x08010ad4   0x000004f8   Code   RO         5659    i.teaProcessControl  teamake.o
    0x08010fcc   0x08010fcc   0x00000598   Code   RO         8427    i.teaSetPageButton  teasetpage.o
    0x08011564   0x08011564   0x000000b0   Code   RO         8428    i.teaSetPageText    teasetpage.o
    0x08011614   0x08011614   0x0000001a   Code   RO         8491    i.timeSetPageButton  timesetpage.o
    0x0801162e   0x0801162e   0x00000002   PAD
    0x08011630   0x08011630   0x0000007c   Code   RO         8492    i.timeSetPageSelector  timesetpage.o
    0x080116ac   0x080116ac   0x00000062   Code   RO         4980    i.timer1_config     timer.o
    0x0801170e   0x0801170e   0x00000002   PAD
    0x08011710   0x08011710   0x00000064   Code   RO         4576    i.timer6_config     button.o
    0x08011774   0x08011774   0x000000dc   Code   RO         3545    i.timer_deinit      gd32f30x_timer.o
    0x08011850   0x08011850   0x0000000a   Code   RO         3550    i.timer_enable      gd32f30x_timer.o
    0x0801185a   0x0801185a   0x00000002   PAD
    0x0801185c   0x0801185c   0x00000098   Code   RO         3560    i.timer_init        gd32f30x_timer.o
    0x080118f4   0x080118f4   0x00000008   Code   RO         3567    i.timer_interrupt_enable  gd32f30x_timer.o
    0x080118fc   0x080118fc   0x00000006   Code   RO         3568    i.timer_interrupt_flag_clear  gd32f30x_timer.o
    0x08011902   0x08011902   0x00000018   Code   RO         3569    i.timer_interrupt_flag_get  gd32f30x_timer.o
    0x0801191a   0x0801191a   0x00000016   Code   RO         3580    i.timer_struct_para_init  gd32f30x_timer.o
    0x08011930   0x08011930   0x000000ac   Code   RO         4349    i.uart0_config      uart.o
    0x080119dc   0x080119dc   0x000000e0   Code   RO         4350    i.uart0_dma_init    uart.o
    0x08011abc   0x08011abc   0x0000006c   Code   RO         4351    i.uart0_dma_send    uart.o
    0x08011b28   0x08011b28   0x000000a8   Code   RO         4353    i.uart1_config      uart.o
    0x08011bd0   0x08011bd0   0x000000e0   Code   RO         4354    i.uart1_dma_init    uart.o
    0x08011cb0   0x08011cb0   0x0000006c   Code   RO         4355    i.uart1_dma_send    uart.o
    0x08011d1c   0x08011d1c   0x000000ac   Code   RO         4359    i.uart2_config      uart.o
    0x08011dc8   0x08011dc8   0x000000e0   Code   RO         4360    i.uart2_dma_init    uart.o
    0x08011ea8   0x08011ea8   0x0000006c   Code   RO         4361    i.uart2_dma_send    uart.o
    0x08011f14   0x08011f14   0x000000ac   Code   RO         4364    i.uart3_config      uart.o
    0x08011fc0   0x08011fc0   0x000000e0   Code   RO         4365    i.uart3_dma_init    uart.o
    0x080120a0   0x080120a0   0x000000a4   Code   RO         4368    i.uart4_config      uart.o
    0x08012144   0x08012144   0x00000030   Code   RO         4370    i.uart4_send_buf    uart.o
    0x08012174   0x08012174   0x00000034   Code   RO         5030    i.unlockDevice      work.o
    0x080121a8   0x080121a8   0x000001e0   Code   RO         8564    i.updataWaterTapPageText  watertappage.o
    0x08012388   0x08012388   0x000001c0   Code   RO         8217    i.updateDeviceInfoPage  deviceinfopage.o
    0x08012548   0x08012548   0x000000cc   Code   RO         8429    i.updateTeaCollect  teasetpage.o
    0x08012614   0x08012614   0x0000020c   Code   RO         8493    i.updateTimeSet     timesetpage.o
    0x08012820   0x08012820   0x00000024   Code   RO         5909    i.update_offset     cjson.o
    0x08012844   0x08012844   0x00000090   Code   RO         3958    i.usart_baudrate_set  gd32f30x_usart.o
    0x080128d4   0x080128d4   0x0000000a   Code   RO         3961    i.usart_data_receive  gd32f30x_usart.o
    0x080128de   0x080128de   0x00000008   Code   RO         3962    i.usart_data_transmit  gd32f30x_usart.o
    0x080128e6   0x080128e6   0x00000002   PAD
    0x080128e8   0x080128e8   0x00000090   Code   RO         3963    i.usart_deinit      gd32f30x_usart.o
    0x08012978   0x08012978   0x00000014   Code   RO         3965    i.usart_dma_receive_config  gd32f30x_usart.o
    0x0801298c   0x0801298c   0x00000014   Code   RO         3966    i.usart_dma_transmit_config  gd32f30x_usart.o
    0x080129a0   0x080129a0   0x0000000a   Code   RO         3967    i.usart_enable      gd32f30x_usart.o
    0x080129aa   0x080129aa   0x0000001e   Code   RO         3969    i.usart_flag_get    gd32f30x_usart.o
    0x080129c8   0x080129c8   0x00000014   Code   RO         3973    i.usart_hardware_flow_cts_config  gd32f30x_usart.o
    0x080129dc   0x080129dc   0x00000014   Code   RO         3974    i.usart_hardware_flow_rts_config  gd32f30x_usart.o
    0x080129f0   0x080129f0   0x0000001a   Code   RO         3976    i.usart_interrupt_enable  gd32f30x_usart.o
    0x08012a0a   0x08012a0a   0x00000038   Code   RO         3978    i.usart_interrupt_flag_get  gd32f30x_usart.o
    0x08012a42   0x08012a42   0x00000010   Code   RO         3989    i.usart_parity_config  gd32f30x_usart.o
    0x08012a52   0x08012a52   0x00000014   Code   RO         3991    i.usart_receive_config  gd32f30x_usart.o
    0x08012a66   0x08012a66   0x00000010   Code   RO         4001    i.usart_stop_bit_set  gd32f30x_usart.o
    0x08012a76   0x08012a76   0x00000014   Code   RO         4005    i.usart_transmit_config  gd32f30x_usart.o
    0x08012a8a   0x08012a8a   0x00000010   Code   RO         4006    i.usart_word_length_set  gd32f30x_usart.o
    0x08012a9a   0x08012a9a   0x0000012c   Code   RO         5910    i.utf16_literal_to_utf8  cjson.o
    0x08012bc6   0x08012bc6   0x00000002   PAD
    0x08012bc8   0x08012bc8   0x0000001c   Code   RO         5708    i.washInit          wash.o
    0x08012be4   0x08012be4   0x000002f0   Code   RO         8530    i.washPageButton    washpage.o
    0x08012ed4   0x08012ed4   0x0000000c   Code   RO         5709    i.washPause         wash.o
    0x08012ee0   0x08012ee0   0x00000a08   Code   RO         5711    i.washProcessControl  wash.o
    0x080138e8   0x080138e8   0x0000002c   Code   RO         5712    i.washReset         wash.o
    0x08013914   0x08013914   0x00000168   Code   RO         8531    i.washShowTime      washpage.o
    0x08013a7c   0x08013a7c   0x00000074   Code   RO         5412    i.waterDrainStop    waterlevel.o
    0x08013af0   0x08013af0   0x000001d4   Code   RO         5413    i.waterInletControl  waterlevel.o
    0x08013cc4   0x08013cc4   0x0000006c   Code   RO         5414    i.waterInletStop    waterlevel.o
    0x08013d30   0x08013d30   0x00000024   Code   RO         5415    i.waterLevel_init   waterlevel.o
    0x08013d54   0x08013d54   0x000000dc   Code   RO         5416    i.waterLevel_update  waterlevel.o
    0x08013e30   0x08013e30   0x00000070   Code   RO         5763    i.waterTapInit      watertap.o
    0x08013ea0   0x08013ea0   0x00000320   Code   RO         8565    i.waterTapMainPageButton  watertappage.o
    0x080141c0   0x080141c0   0x0000039c   Code   RO         5764    i.waterTapProcessControl  watertap.o
    0x0801455c   0x0801455c   0x00000068   Code   RO         8566    i.waterTapSetForeColor  watertappage.o
    0x080145c4   0x080145c4   0x00000068   Code   RO         8567    i.waterTapSetIcon   watertappage.o
    0x0801462c   0x0801462c   0x000000b0   Code   RO         8568    i.waterTapSetPageButton  watertappage.o
    0x080146dc   0x080146dc   0x00000150   Code   RO         8569    i.waterTapSetPageText  watertappage.o
    0x0801482c   0x0801482c   0x00000234   Code   RO         5417    i.waterdrainControl  waterlevel.o
    0x08014a60   0x08014a60   0x0000003c   Code   RO         7473    i.wifiInit          bsp_wifi.o
    0x08014a9c   0x08014a9c   0x000001d8   Code   RO         8621    i.wifiSetPageButton  wifisetpage.o
    0x08014c74   0x08014c74   0x00000014   Code   RO         5236    i.writeConfigData   eeprom.o
    0x08014c88   0x08014c88   0x00000014   Code   RO         5237    i.writeRecordData   eeprom.o
    0x08014c9c   0x08014c9c   0x000001b8   Code   RO         5238    i.write_config_data  eeprom.o
    0x08014e54   0x08014e54   0x00000080   Code   RO         5239    i.write_device_info_data  eeprom.o
    0x08014ed4   0x08014ed4   0x00000108   Code   RO         5240    i.write_record_data  eeprom.o
    0x08014fdc   0x08014fdc   0x00000008   Data   RO         5032    .constdata          work.o
    0x08014fe4   0x08014fe4   0x00000080   Data   RO         5242    .constdata          eeprom.o
    0x08015064   0x08015064   0x00000042   Data   RO         5419    .constdata          waterlevel.o
    0x080150a6   0x080150a6   0x00000024   Data   RO         5507    .constdata          coffeemake.o
    0x080150ca   0x080150ca   0x00000014   Data   RO         5569    .constdata          drain.o
    0x080150de   0x080150de   0x00000014   Data   RO         5612    .constdata          sanit.o
    0x080150f2   0x080150f2   0x0000001e   Data   RO         5661    .constdata          teamake.o
    0x08015110   0x08015110   0x00000027   Data   RO         5714    .constdata          wash.o
    0x08015137   0x08015137   0x00000017   Data   RO         5766    .constdata          watertap.o
    0x0801514e   0x0801514e   0x0000000d   Data   RO         6478    .constdata          debug.o
    0x0801515b   0x0801515b   0x0000000d   Data   RO         6608    .constdata          lcd_data_process.o
    0x08015168   0x08015168   0x0000002c   Data   RO         7407    .constdata          app_wifi.o
    0x08015194   0x08015194   0x0000009a   Data   RO         7516    .constdata          app_wifi_set.o
    0x0801522e   0x0801522e   0x00000002   PAD
    0x08015230   0x08015230   0x000001ae   Data   RO         7615    .constdata          app_mqtt.o
    0x080153de   0x080153de   0x000000e2   Data   RO         7842    .constdata          elog.o
    0x080154c0   0x080154c0   0x00000023   Data   RO         8084    .constdata          elog_utils.o
    0x080154e3   0x080154e3   0x0000001b   Data   RO         8112    .constdata          coffeeextractionpage.o
    0x080154fe   0x080154fe   0x0000003b   Data   RO         8155    .constdata          coffeesetpage.o
    0x08015539   0x08015539   0x00000010   Data   RO         8246    .constdata          drainpage.o
    0x08015549   0x08015549   0x00000010   Data   RO         8355    .constdata          sanitpage.o
    0x08015559   0x08015559   0x00000018   Data   RO         8390    .constdata          teaextractionpage.o
    0x08015571   0x08015571   0x00000031   Data   RO         8430    .constdata          teasetpage.o
    0x080155a2   0x080155a2   0x0000000e   Data   RO         8494    .constdata          timesetpage.o
    0x080155b0   0x080155b0   0x0000000f   Data   RO         8533    .constdata          washpage.o
    0x080155bf   0x080155bf   0x0000002d   Data   RO         8570    .constdata          watertappage.o
    0x080155ec   0x080155ec   0x00000012   Data   RO         8623    .constdata          wifisetpage.o
    0x080155fe   0x080155fe   0x00000081   Data   RO         9077    .constdata          mc_w.l(ctype_o.o)
    0x0801567f   0x0801567f   0x00000001   PAD
    0x08015680   0x08015680   0x00000004   Data   RO         9078    .constdata          mc_w.l(ctype_o.o)
    0x08015684   0x08015684   0x00000109   Data   RO         7616    .conststring        app_mqtt.o
    0x0801578d   0x0801578d   0x00000003   PAD
    0x08015790   0x08015790   0x00000047   Data   RO         7843    .conststring        elog.o
    0x080157d7   0x080157d7   0x00000001   PAD
    0x080157d8   0x080157d8   0x00000020   Data   RO         9111    Region$$Table       anon$$obj.o


    Execution Region RW_IRAM1 (Exec base: 0x20000000, Load base: 0x080157f8, Size: 0x0000a8a0, Max: 0x0000c000, ABSOLUTE, COMPRESSED[0x0000008c])

    Exec Addr    Load Addr    Size         Type   Attr      Idx    E Section Name        Object

    0x20000000   COMPRESSED   0x00000004   Data   RW          246    .data               systick.o
    0x20000004   COMPRESSED   0x00000004   Data   RW          293    .data               system_gd32f30x.o
    0x20000008   COMPRESSED   0x00000032   Data   RW         4578    .data               button.o
    0x2000003a   COMPRESSED   0x00000002   PAD
    0x2000003c   COMPRESSED   0x0000002c   Data   RW         4654    .data               dr_button_api.o
    0x20000068   COMPRESSED   0x00000004   Data   RW         4720    .data               dr_button_reg.o
    0x2000006c   COMPRESSED   0x00000010   Data   RW         4769    .data               led.o
    0x2000007c   COMPRESSED   0x00000048   Data   RW         4830    .data               relay.o
    0x200000c4   COMPRESSED   0x00000081   Data   RW         5033    .data               work.o
    0x20000145   COMPRESSED   0x00000001   PAD
    0x20000146   COMPRESSED   0x00000004   Data   RW         5243    .data               eeprom.o
    0x2000014a   COMPRESSED   0x00000002   PAD
    0x2000014c   COMPRESSED   0x00000008   Data   RW         5387    .data               adc.o
    0x20000154   COMPRESSED   0x0000004e   Data   RW         5420    .data               waterlevel.o
    0x200001a2   COMPRESSED   0x00000002   PAD
    0x200001a4   COMPRESSED   0x0000004f   Data   RW         5508    .data               coffeemake.o
    0x200001f3   COMPRESSED   0x00000001   PAD
    0x200001f4   COMPRESSED   0x0000004d   Data   RW         5613    .data               sanit.o
    0x20000241   COMPRESSED   0x00000003   PAD
    0x20000244   COMPRESSED   0x0000004f   Data   RW         5662    .data               teamake.o
    0x20000293   COMPRESSED   0x00000001   PAD
    0x20000294   COMPRESSED   0x00000051   Data   RW         5715    .data               wash.o
    0x200002e5   COMPRESSED   0x00000003   PAD
    0x200002e8   COMPRESSED   0x00000014   Data   RW         5912    .data               cjson.o
    0x200002fc   COMPRESSED   0x0000000e   Data   RW         6515    .data               lcd_cmd_queue.o
    0x2000030a   COMPRESSED   0x0000000c   Data   RW         6609    .data               lcd_data_process.o
    0x20000316   COMPRESSED   0x00000009   Data   RW         7408    .data               app_wifi.o
    0x2000031f   COMPRESSED   0x00000006   Data   RW         7517    .data               app_wifi_set.o
    0x20000325   COMPRESSED   0x00000003   Data   RW         7617    .data               app_mqtt.o
    0x20000328   COMPRESSED   0x00000034   Data   RW         7844    .data               elog.o
    0x2000035c   COMPRESSED   0x0000004d   Data   RW         8156    .data               coffeesetpage.o
    0x200003a9   COMPRESSED   0x00000002   Data   RW         8431    .data               teasetpage.o
    0x200003ab   COMPRESSED   0x00000005   Data   RW         8495    .data               timesetpage.o
    0x200003b0   COMPRESSED   0x00000003   Data   RW         8624    .data               wifisetpage.o
    0x200003b3   COMPRESSED   0x00000001   PAD
    0x200003b4   COMPRESSED   0x00000004   Data   RW         9031    .data               mc_w.l(stdout.o)
    0x200003b8   COMPRESSED   0x00000004   Data   RW         9042    .data               mc_w.l(mvars.o)
    0x200003bc   COMPRESSED   0x00000004   Data   RW         9043    .data               mc_w.l(mvars.o)
    0x200003c0   COMPRESSED   0x00000004   Data   RW         9047    .data               mc_w.l(errno.o)
    0x200003c4        -       0x000025cc   Zero   RW         4372    .bss                uart.o
    0x20002990        -       0x00000010   Zero   RW         4577    .bss                button.o
    0x200029a0        -       0x00000028   Zero   RW         4653    .bss                dr_button_api.o
    0x200029c8        -       0x00000030   Zero   RW         4829    .bss                relay.o
    0x200029f8        -       0x00000010   Zero   RW         4981    .bss                timer.o
    0x20002a08        -       0x00000514   Zero   RW         5031    .bss                work.o
    0x20002f1c        -       0x000007f9   Zero   RW         5241    .bss                eeprom.o
    0x20003715   COMPRESSED   0x00000003   PAD
    0x20003718        -       0x00000028   Zero   RW         5418    .bss                waterlevel.o
    0x20003740        -       0x0000051c   Zero   RW         5506    .bss                coffeemake.o
    0x20003c5c        -       0x0000051c   Zero   RW         5568    .bss                drain.o
    0x20004178        -       0x00000528   Zero   RW         5611    .bss                sanit.o
    0x200046a0        -       0x0000051c   Zero   RW         5660    .bss                teamake.o
    0x20004bbc        -       0x00000528   Zero   RW         5713    .bss                wash.o
    0x200050e4        -       0x00000014   Zero   RW         5765    .bss                watertap.o
    0x200050f8        -       0x00000108   Zero   RW         6514    .bss                lcd_cmd_queue.o
    0x20005200        -       0x00000080   Zero   RW         6607    .bss                lcd_data_process.o
    0x20005280        -       0x00001658   Zero   RW         7406    .bss                app_wifi.o
    0x200068d8        -       0x000005c9   Zero   RW         7515    .bss                app_wifi_set.o
    0x20006ea1        -       0x00000505   Zero   RW         7614    .bss                app_mqtt.o
    0x200073a6   COMPRESSED   0x00000002   PAD
    0x200073a8        -       0x000004f8   Zero   RW         7841    .bss                elog.o
    0x200078a0        -       0x00001800   Zero   RW         4329    HEAP                startup_gd32f30x_hd.o
    0x200090a0        -       0x00001800   Zero   RW         4328    STACK               startup_gd32f30x_hd.o


==============================================================================

Image component sizes


      Code (inc. data)   RO Data    RW Data    ZI Data      Debug   Object Name

       276         18          0          8          0       1375   adc.o
       122          4          0          0          0       2139   app_filter.o
     13048       5572        695          3       1285      29339   app_mqtt.o
      2192        692         44          9       5720       7949   app_wifi.o
      2804       1146        154          6       1481       7096   app_wifi_set.o
        76         14          0          0          0       2640   bsp_wifi.o
       284         52          0         50         16       4705   button.o
      5740        226          0         20          0      45304   cjson.o
      1744        370         27          0          0       2906   coffeeextractionpage.o
      1608        490         36         79       1308       3793   coffeemake.o
      3028        382         59         77          0       7445   coffeesetpage.o
      1088         88         13          0          0       3083   debug.o
       474         18          0          0          0       1731   deviceinfopage.o
        48          4          0          0          0        516   dial.o
       232         52          0         44         40       6655   dr_button_api.o
       716         22          0          4          0       3661   dr_button_reg.o
       732        258         20          0       1308       2183   drain.o
      1140        274         16          0          0       2658   drainpage.o
      5002       1346        128          4       2041      16764   eeprom.o
      2752        954        297         52       1272      19636   elog.o
        48         12          0          0          0       7448   elog_port.o
       256         94         35          0          0       2325   elog_utils.o
        56          0          0          0          0        684   errpage.o
       592          6          0          0          0       8058   gd32f30x_adc.o
      1036          6          0          0          0      17495   gd32f30x_dma.o
       358          6          0          0          0      15542   gd32f30x_gpio.o
       578         18          0          0          0      14889   gd32f30x_i2c.o
        76          6          0          0          0      31430   gd32f30x_it.o
       216         20          0          0          0       1588   gd32f30x_misc.o
       548         68          0          0          0      21143   gd32f30x_rcu.o
       442         40          0          0          0      20757   gd32f30x_timer.o
       596         16          0          0          0      18794   gd32f30x_usart.o
       280         22          0          0          0       1111   iic.o
       528         44          0         14        264       6262   lcd_cmd_queue.o
      1938        398         13         12        128      21938   lcd_data_process.o
       136         22          0         16          0       2385   led.o
        84          4          0          0          0       4915   main.o
       408         18          0          0          0       1030   productiondatapage.o
      1028        160          0         72         48      12560   relay.o
      2276        410         20         77       1320       3952   sanit.o
      1076        270         16          0          0       1942   sanitpage.o
        36          8        304          0      12288        920   startup_gd32f30x_hd.o
       452         30          0          4          0       3019   system_gd32f30x.o
       164         24          0          4          0      29681   systick.o
      1640        340         24          0          0       3009   teaextractionpage.o
      1476        380         30         79       1308       3730   teamake.o
      2968        350         49          2          0       7253   teasetpage.o
       242          6          0          0         16       1980   timer.o
       674         86         14          5          0       2852   timesetpage.o
      3134        284          0          0       9676      17300   uart.o
       900        118          0          0          0       5149   uart_lcd.o
      2652        680         39         81       1320       5033   wash.o
      1112        300         15          0          0       1932   washpage.o
      1512        490         66         78         40       5721   waterlevel.o
      1036        102         23          0         20       2556   watertap.o
      2000        268         45          0          0       5953   watertappage.o
       472        186         18          3          0       1147   wifisetpage.o
      1488        220          8        129       1300      14735   work.o

    ----------------------------------------------------------------------
     77664      17494       2246        948      42204     499796   Object Totals
         0          0         32          0          0          0   (incl. Generated)
        44          0          6         16          5          0   (incl. Padding)

    ----------------------------------------------------------------------

      Code (inc. data)   RO Data    RW Data    ZI Data      Debug   Library Member Name

        56         12          0          0          0        132   atof.o
        20          0          0          0          0        124   fabs.o
        40         10          0          0          0        128   strtod.o
        56          8          0          0          0         84   __0sscanf.o
        86          0          0          0          0          0   __dczerorl2.o
        28          0          0          0          0         68   _chval.o
       816          6          0          0          0        112   _scanf.o
       332          0          0          0          0         96   _scanf_int.o
       224          0          0          0          0         96   _scanf_str.o
        64          0          0          0          0         84   _sgetc.o
       158          0          0          0          0         92   _strtoul.o
        26          0          0          0          0         80   atoi.o
         8          4        133          0          0         68   ctype_o.o
         0          0          0          0          0          0   entry.o
         0          0          0          0          0          0   entry10a.o
         0          0          0          0          0          0   entry11a.o
         4          0          0          0          0          0   entry12b.o
         8          4          0          0          0          0   entry2.o
         4          0          0          0          0          0   entry5.o
         0          0          0          0          0          0   entry7b.o
         0          0          0          0          0          0   entry8b.o
         8          4          0          0          0          0   entry9a.o
        32         16          0          4          0        204   errno.o
        30          0          0          0          0          0   handlers.o
        36          8          0          0          0         68   init.o
        18          0          0          0          0         76   isspace_o.o
         0          0          0          0          0          0   iusefp.o
        30          0          0          0          0         68   llshl.o
        36          0          0          0          0         68   llsshr.o
        32          0          0          0          0         68   llushr.o
       360         30          0          0          0        356   mallocr.o
        36          0          0          0          0         68   memcpya.o
        36          0          0          0          0        108   memseta.o
         0          0          0          8          0          0   mvars.o
      2394        106          0          0          0        852   printfa.o
        40          8          0          0          0         84   scanf_char.o
       878         12          0          0          0        216   scanf_fp.o
         0          0          0          4          0          0   stdout.o
        24          0          0          0          0         68   strcat.o
        20          0          0          0          0         68   strchr.o
        28          0          0          0          0         76   strcmp.o
        18          0          0          0          0         68   strcpy.o
        14          0          0          0          0         68   strlen.o
        30          0          0          0          0         80   strncmp.o
        24          0          0          0          0         76   strncpy.o
        22          0          0          0          0         68   strrchr.o
        36          0          0          0          0         80   strstr.o
       156         12          0          0          0        120   strtod.o
       112          0          0          0          0         88   strtol.o
        12          0          0          0          0         68   tolower.o
        44          0          0          0          0         80   uidiv.o
        98          0          0          0          0         92   uldiv.o
        48          0          0          0          0         68   cdcmple.o
        48          0          0          0          0         68   cdrcmple.o
        56          0          0          0          0         88   d2f.o
       334          0          0          0          0        148   dadd.o
       222          0          0          0          0        100   ddiv.o
       186          0          0          0          0        176   depilogue.o
        62          0          0          0          0         80   dfixi.o
        48          0          0          0          0         68   dfixul.o
        34          0          0          0          0         76   dflti.o
        26          0          0          0          0         76   dfltui.o
        24          0          0          0          0         76   dfltul.o
       228          0          0          0          0         96   dmul.o
        38          0          0          0          0         68   f2d.o
       110          0          0          0          0        168   fepilogue.o

    ----------------------------------------------------------------------
      8012        240        134         16          0       5856   Library Totals
        14          0          1          0          0          0   (incl. Padding)

    ----------------------------------------------------------------------

      Code (inc. data)   RO Data    RW Data    ZI Data      Debug   Library Name

       116         22          0          0          0        384   m_wm.l
      6418        218        133         16          0       4116   mc_w.l
      1464          0          0          0          0       1356   mf_w.l

    ----------------------------------------------------------------------
      8012        240        134         16          0       5856   Library Totals

    ----------------------------------------------------------------------

==============================================================================


      Code (inc. data)   RO Data    RW Data    ZI Data      Debug   

     85676      17734       2380        964      42204     462616   Grand Totals
     85676      17734       2380        140      42204     462616   ELF Image Totals (compressed)
     85676      17734       2380        140          0          0   ROM Totals

==============================================================================

    Total RO  Size (Code + RO Data)                88056 (  85.99kB)
    Total RW  Size (RW Data + ZI Data)             43168 (  42.16kB)
    Total ROM Size (Code + RO Data + RW Data)      88196 (  86.13kB)

==============================================================================

